[ak.sv/index.html]
[backblue.gif]
[fade.gif]
[index.html]
[ak.sv/style/assets/css/fonts/font/STC-Bold.eot]
[ak.sv/style/assets/css/fonts/font/STC-Bold.woff]
[ak.sv/style/assets/css/fonts/font/STC-Bold.ttf]
[ak.sv/style/assets/css/fonts/font/STC-Bold.svg]
[ak.sv/style/assets/css/fonts/font/STC-Italic.eot]
[ak.sv/style/assets/css/fonts/font/STC-Light.woff]
[ak.sv/style/assets/css/fonts/font/STC-Light.ttf]
[ak.sv/style/assets/css/fonts/font/STC-Light.svg]
[ak.sv/style/assets/css/fonts/font/STC-Regular.eot]
[ak.sv/style/assets/css/fonts/font/STC-Regular.woff]
[ak.sv/style/assets/css/fonts/font/STC-Regular.ttf]
[ak.sv/favicon.ico]
[ak.sv/style/assets/css/fonts/font/STC-Regular.svg]
[ak.sv/style/assets/css/plugins7839.css]
[ak.sv/style/assets/css/stylee67d.css]
[ak.sv/style/assets/css/akwame67d.css]
[ak.sv/style/assets/images/home-bg.webp]
[ak.sv/style/assets/css/home.css]
[ak.sv/movies.html]
[ak.sv/series.html]
[ak.sv/shows.html]
[ak.sv/mix.html]
[ak.sv/AKWAM-Notifications.html]
[ak.sv/contactus.html]
[ak.sv/main.html]
[ak.sv/style/assets/images/logo-white.svg]
[ak.sv/recent.html]
[ak.sv/login.html]
[ak.sv/style/assets/images/site-new.webp]
[ak.sv/old/index.html]
[ak.sv/dmca.html]
[ak.sv/ad-policy.html]
[ak.sv/style/assets/js/jquery-3.2.1.min.js]
[ak.sv/style/assets/js/plugins/typed.min.js]
[ak.sv/index.html]
[ak.sv/style/assets/css/fonts/font/STC-Bold.svg]
[ak.sv/style/assets/css/fonts/font/STC-Light.svg]
[ak.sv/style/assets/css/fonts/font/STC-Regular.svg]
[ak.sv/cdn-cgi/challenge-platform/h/b/scripts/jsd/4710d66e8fda/maind41d.js]
[ak.sv/style/assets/css/fonts/icons/iconsa0f8.eot]
[ak.sv/style/assets/css/fonts/icons/iconsa0f8.ttf]
[ak.sv/style/assets/css/fonts/icons/iconsa0f8.woff]
[ak.sv/style/assets/css/plugins7839.css]
[ak.sv/style/assets/css/fonts/icons/iconsa0f8.svg]
[ak.sv/style/assets/images/icon-cancel.png]
[ak.sv/style/assets/css/stylee67d.css]
[ak.sv/style/assets/images/bg-404.jpg]
[ak.sv/style/assets/css/akwame67d.css]
[ak.sv/style/assets/css/home.css]
[ak.sv/movie/10075/elio-مدبلج.html]
[ak.sv/movie/10074/clown-in-a-cornfield.html]
[ak.sv/movie/10073/noise.html]
[ak.sv/movie/10072/spirit-in-the-blood.html]
[ak.sv/movie/10071/descendent.html]
[ak.sv/movie/10070/elio.html]
[ak.sv/movie/10069/the-bad-guys-2.html]
[ak.sv/movie/10068/mission-impossible-the-final-reckoning.html]
[ak.sv/movie/10067/fear-below.html]
[ak.sv/movie/10066/extraction.html]
[ak.sv/movie/10065/mononoke-movie-2-hinezumi.html]
[ak.sv/movie/10064/mononoke-the-movie-the-phantom-in-the-rain.html]
[ak.sv/movie/10063/sookshmadarshini-مدبلج.html]
[ak.sv/movie/10062/sookshmadarshini.html]
[ak.sv/movie/10061/ms-apocalypse.html]
[ak.sv/movie/10060/night-always-comes.html]
[ak.sv/movie/10059/nosferatu.html]
[ak.sv/movie/10058/s-w-a-t.html]
[ak.sv/movie/10057/to-kill-a-mockingbird.html]
[ak.sv/movie/10056/sorry-baby.html]
[ak.sv/movie/10055/the-girl-with-the-needle.html]
[ak.sv/movie/10054/fixed.html]
[ak.sv/movie/10053/the-shrouds.html]
[ak.sv/movie/10052/i-m-still-here.html]
[ak.sv/movie/10051/the-last-king-of-scotland.html]
[ak.sv/movie/10050/ka-whawhai-tonu.html]
[ak.sv/movie/10049/الهنا-اللي-أنا-فيه.html]
[ak.sv/movie/10048/witness-for-the-prosecution.html]
[ak.sv/movie/10047/friendship.html]
[ak.sv/movie/10046/smurfs.html]
[ak.sv/movies4658.html]
[ak.sv/movies9ba9.html]
[ak.sv/moviesfdb0.html]
[ak.sv/moviesaf4d.html]
[ak.sv/moviesc575.html]
[ak.sv/movies235c.html]
[ak.sv/moviesfdfa.html]
[ak.sv/movies16e8.html]
[ak.sv/moviesa2a3.html]
[ak.sv/style/assets/js/jquery-3.2.1.minf9e3.js]
[ak.sv/style/assets/js/plugins/pace.minf9e3.js]
[ak.sv/style/assets/js/plugins/swiper.minf9e3.js]
[ak.sv/style/assets/js/plugins/jquery.fancybox.minf9e3.js]
[ak.sv/style/assets/js/plugins/idTabsf9e3.js]
[ak.sv/style/assets/js/plugins/jquery.validate.minf9e3.js]
[ak.sv/style/assets/js/plugins/messages_ar.minf9e3.js]
[ak.sv/style/assets/js/plugins/sweetalert.minf9e3.js]
[ak.sv/style/assets/js/plugins/jquery.cookief9e3.js]
[ak.sv/style/assets/js/plugins/select2.full.minf9e3.js]
[ak.sv/style/assets/js/plugins/arf9e3.js]
[ak.sv/style/assets/js/plugins/jquery.lazy.min.js]
[ak.sv/style/assets/js/akwamb830.js]
[ak.sv/style/assets/js/plugins/select2.full.min.js]
[ak.sv/style/assets/js/plugins/ar.js]
[ak.sv/GET]
[ak.sv/movies.html]
[ak.sv/series/4964/امي.html]
[ak.sv/series/5032/افراح-ابليس-3.html]
[ak.sv/series/5037/ما-تراه-ليس-كما-يبدو.html]
[ak.sv/series/5043/سلمى.html]
[ak.sv/series/5045/the-twisted-tale-of-amanda-knox.html]
[ak.sv/series/5012/acapulco-الموسم-الرابع.html]
[ak.sv/series/5039/alien-earth.html]
[ak.sv/series/5044/الزوجة-الاخرى-مدبلج.html]
[ak.sv/series/5031/السعادة-العائلية.html]
[ak.sv/series/583/one-piece-2.html]
[ak.sv/series/4996/the-institute.html]
[ak.sv/series/5003/low-life.html]
[ak.sv/series/5038/outlander-blood-of-my-blood.html]
[ak.sv/series/5002/الزوجة-الاخري.html]
[ak.sv/series/5007/star-trek-strange-new-worlds-الموسم-الثالث.html]
[ak.sv/series/5026/twisted-metal-الموسم-الثاني.html]
[ak.sv/series/5042/betty-la-fea-the-story-continues-الموسم-الثاني.html]
[ak.sv/series/5022/220-يوم.html]
[ak.sv/series/4993/foundation-الموسم-الثالث.html]
[ak.sv/series/4983/smoke.html]
[ak.sv/series/5029/chief-of-war.html]
[ak.sv/series/4994/dexter-resurrection.html]
[ak.sv/series/5041/butterfly-مدبلج.html]
[ak.sv/series/5040/butterfly.html]
[ak.sv/series4658.html]
[ak.sv/series9ba9.html]
[ak.sv/seriesfdb0.html]
[ak.sv/seriesaf4d.html]
[ak.sv/seriesc575.html]
[ak.sv/series235c.html]
[ak.sv/seriesfdfa.html]
[ak.sv/seriesc6b6.html]
[ak.sv/series75a8.html]
[ak.sv/spcjs.php]
[ak.sv/series.html]
[ak.sv/shows/2836/wwe-monday-night-raw-2025-08-18-مترجم.html]
[ak.sv/shows/2835/aew-collision-17-08-2025-مترجم.html]
[ak.sv/shows/2833/aew-dynamite-14-08-2025-مترجم.html]
[ak.sv/shows/2834/wwe-friday-night-smackdown-2025-08-15-مترجم.html]
[ak.sv/shows/2832/wwe-nxt-2025-08-12-مترجم.html]
[ak.sv/shows/2831/wwe-monday-night-raw-2025-08-11-مترجم.html]
[ak.sv/shows/2830/aew-collision-09-08-2025-مترجم.html]
[ak.sv/shows/2829/wwe-friday-night-smackdown-2025-08-08-مترجم.html]
[ak.sv/shows/2828/aew-dynamite-07-08-2025-مترجم.html]
[ak.sv/shows/2827/wwe-nxt-2025-08-05-مترجم.html]
[ak.sv/shows/2826/wwe-monday-night-raw-2025-08-04-مترجم.html]
[ak.sv/shows/2825/summerslam-2025-08-03-الليلة-الثانية-مترجم.html]
[ak.sv/shows/2824/summerslam-2025-08-02-الليلة-الاولي-مترجم.html]
[ak.sv/shows/2823/wwe-friday-night-smackdown-2025-08-01-مترجم.html]
[ak.sv/shows/2822/aew-collision-01-08-2025-مترجم.html]
[ak.sv/shows/2821/aew-dynamite-31-07-2025-مترجم.html]
[ak.sv/shows/2820/wwe-nxt-2025-07-29-مترجم.html]
[ak.sv/shows/2819/wwe-monday-night-raw-2025-07-28-مترجم.html]
[ak.sv/shows/2818/aew-collision-27-07-2025-مترجم.html]
[ak.sv/shows/2817/wwe-friday-night-smackdown-2025-07-25-مترجم.html]
[ak.sv/shows/2816/aew-dynamite-24-07-2025-مترجم.html]
[ak.sv/shows/2815/wwe-nxt-2025-07-22-مترجم.html]
[ak.sv/shows/2814/wwe-monday-night-raw-2025-07-21-مترجم.html]
[ak.sv/shows/2813/aew-collision-20-07-2025-مترجم.html]
[ak.sv/shows4658.html]
[ak.sv/shows9ba9.html]
[ak.sv/showsfdb0.html]
[ak.sv/showsaf4d.html]
[ak.sv/showsc575.html]
[ak.sv/shows235c.html]
[ak.sv/showsfdfa.html]
[ak.sv/showscf83.html]
[ak.sv/shows.html]
[ak.sv/shows0cda.html]
[ak.sv/mix/794/البوم-عمرو-دياب-مكانك-2023.html]
[ak.sv/mix/793/سيرفر-ات-tigers-tv-للقنوات-المشفرة.html]
[ak.sv/mix/792/مباراة-فرنسا-و-الأرجنتين-كاملة.html]
[ak.sv/mix/791/مباراة-المغرب-و-البرتغال-كاملة.html]
[ak.sv/mix/789/مباراة-السعودية-و-الأرجنتين-كاملة.html]
[ak.sv/mix/787/اغنية-للي-محمد-منير.html]
[ak.sv/mix/786/ألبوم-تامر-حسني-عشأنجي.html]
[ak.sv/mix/785/المسلسل-الاذاعي-كمال-اصطناعي.html]
[ak.sv/mix/784/المسلسل-الاذاعي-أرواح-وأشباح-وتمن-بسطرمة.html]
[ak.sv/mix/783/المسلسل-الاذاعي-العصمة-فى-ايدى.html]
[ak.sv/mix/782/المسلسل-الاذاعي-الوكالة.html]
[ak.sv/mix/781/المسلسل-الإذاعي-ابن-النادى.html]
[ak.sv/mix/780/البرنامج-الاذاعي-الفزورة-عليه-العوض.html]
[ak.sv/mix/779/مباراة-ليفربول-و-ريال-مدريد-في-نهائي-دوري-أبطال-اوروبا.html]
[ak.sv/mix/508/تكبيرات-العيد.html]
[ak.sv/mix/778/تترات-مسلسلات-وبرامج-رمضان-2022.html]
[ak.sv/mix/777/اسطوانه-القران-الكريم-مجود.html]
[ak.sv/mix/776/القرأن-مرتل-بصوت-محمد-صديق-المنشاوي.html]
[ak.sv/mix/775/اغنية-احمد-سعد-النفسية.html]
[ak.sv/mix/774/اغنية-رامي-صبري-مع-نفسي.html]
[ak.sv/mix/773/اغنية-ويجز-البخت.html]
[ak.sv/mix/772/القران-الكريم-بصوت-القارئ-خليل-ديدي.html]
[ak.sv/mix/771/القران-الكريم-بصوت-القارئ-خالد-القحطاني.html]
[ak.sv/mix/770/القران-الكريم-بصوت-القارئ-خالد-عبد-الكافي.html]
[ak.sv/mix/769/القران-الكريم-بصوت-القارئ-خليفة-الطنيجي.html]
[ak.sv/mix/768/القران-الكريم-بصوت-القارئ-خالد-المهنا.html]
[ak.sv/mix/767/اغنية-عبد-الباسط-حمودة-ومسلم-يا-اصفر.html]
[ak.sv/mix/766/اغنية-رامي-جمال-إلا-الحزن.html]
[ak.sv/mix/765/اغنية-احمد-سعد-عليكي-عيون.html]
[ak.sv/mix/764/اغنية-فضل-شاكر-بجامل-ناس.html]
[ak.sv/mix4658.html]
[ak.sv/mix9ba9.html]
[ak.sv/mixfdb0.html]
[ak.sv/mixaf4d.html]
[ak.sv/mixc575.html]
[ak.sv/mix235c.html]
[ak.sv/mixfdfa.html]
[ak.sv/mix1d82.html]
[ak.sv/mix.html]
[ak.sv/mix8c06.html]
[ak.sv/AKWAM-Notifications.html]
[ak.sv/cdn-cgi/l/email-protection]
[ak.sv/cdn-cgi/scripts/5c5dd728/cloudflare-static/email-decode.min.js]
[ak.sv/contactus.html]
[ak.sv/style/assets/images/icn-w-header.png]
[ak.sv/movie/9996/superman.html]
[ak.sv/movie/10014/البحث-عن-منفذ-لخروج-السيد-رامبو.html]
[ak.sv/series/4968/سيوف-العرب.html]
[ak.sv/series/4960/حرب-الجبالي.html]
[ak.sv/movie/9995/28-years-later.html]
[ak.sv/series/5004/كتالوج.html]
[ak.sv/series/4977/مملكة-الحرير.html]
[ak.sv/series/4958/daredevil-born-again-2.html]
[ak.sv/series/854/lucifer-الموسم-الخامس-1.html]
[ak.sv/series/1377/wandavision-الموسم-الاول-1.html]
[ak.sv/moviesea29.html]
[ak.sv/movies9c68.html]
[ak.sv/moviesed28.html]
[ak.sv/moviesa9a2.html]
[ak.sv/moviesaabd.html]
[ak.sv/movie/9787/الدشاش.html]
[ak.sv/seriesea29.html]
[ak.sv/series9c68.html]
[ak.sv/seriesed28.html]
[ak.sv/seriesa9a2.html]
[ak.sv/seriesaabd.html]
[ak.sv/episode/88982/امي/الحلقة-80.html]
[ak.sv/episode/88981/افراح-ابليس-3/الحلقة-15.html]
[ak.sv/episode/88980/ما-تراه-ليس-كما-يبدو/الحلقة-10.html]
[ak.sv/episode/88979/سلمى/الحلقة-8.html]
[ak.sv/episode/88978/the-twisted-tale-of-amanda-knox/الحلقة-2.html]
[ak.sv/episode/88977/the-twisted-tale-of-amanda-knox/الحلقة-1.html]
[ak.sv/episode/88976/acapulco-الموسم-الرابع/الحلقة-6.html]
[ak.sv/episode/88975/alien-earth/الحلقة-3.html]
[ak.sv/episode/88974/الزوجة-الاخرى-مدبلج/الحلقة-4.html]
[ak.sv/episode/88973/سلمى/الحلقة-7.html]
[ak.sv/episode/88972/ما-تراه-ليس-كما-يبدو/الحلقة-9.html]
[ak.sv/episode/88971/افراح-ابليس-3/الحلقة-14.html]
[ak.sv/showsf863.html]
[ak.sv/shows59e1.html]
[ak.sv/shows98e4.html]
[ak.sv/shows5f7a.html]
[ak.sv/shows/2809/wwe-monday-night-raw-2025-07-14-مترجم.html]
[ak.sv/show/episode/9322/wwe-monday-night-raw-2025-08-18-مترجم/الحلقة-1.html]
[ak.sv/show/episode/9321/aew-collision-17-08-2025-مترجم/الحلقة-1.html]
[ak.sv/show/episode/9320/aew-dynamite-14-08-2025-مترجم/الحلقة-1.html]
[ak.sv/show/episode/9319/wwe-friday-night-smackdown-2025-08-15-مترجم/الحلقة-1.html]
[ak.sv/show/episode/9317/wwe-nxt-2025-08-12-مترجم/الحلقة-1.html]
[ak.sv/show/episode/9316/wwe-monday-night-raw-2025-08-11-مترجم/الحلقة-1.html]
[ak.sv/show/episode/9315/aew-dynamite-09-08-2025-مترجم/الحلقة-1.html]
[ak.sv/show/episode/9314/wwe-friday-night-smackdown-2025-08-08-مترجم/الحلقة-1.html]
[ak.sv/show/episode/9313/aew-dynamite-07-08-2025-مترجم/الحلقة-1.html]
[ak.sv/show/episode/9312/wwe-nxt-2025-08-05-مترجم/الحلقة-1.html]
[ak.sv/show/episode/9311/wwe-monday-night-raw-2025-08-04-مترجم/الحلقة-1.html]
[ak.sv/main.html]
[ak.sv/style/assets/images/logo-white.svg]
[ak.sv/show/episode/9310/summerslam-2025-08-03-الليلة-الثانية-مترجم/الحلقة-1.html]
[ak.sv/movie/10045/eddington.html]
[ak.sv/movie/10044/the-pa-and-the-manhattan-prince.html]
[ak.sv/movie/10043/a-match-in-manhattan.html]
[ak.sv/movie/10042/maid-in-manhattan.html]
[ak.sv/movie/10041/the-strangers-chapter-1.html]
[ak.sv/movie/10040/sweeney-todd-slice-dice.html]
[ak.sv/movie/10039/the-stone.html]
[ak.sv/movie/10038/charlie-and-the-chocolate-factory-مدبلج.html]
[ak.sv/movie/10037/seven-veils.html]
[ak.sv/movie/10036/stolen-heist-of-the-century.html]
[ak.sv/movie/10035/virus.html]
[ak.sv/movie/10034/together.html]
[ak.sv/movie/10033/the-occupant.html]
[ak.sv/recent.html]
[ak.sv/movie/10032/hostile-takeover.html]
[ak.sv/password/reset.html]
[ak.sv/register.html]
[ak.sv/login.html]
[ak.sv/old/scripts/site/img/social_logo.png]
[ak.sv/old/scripts/admin/favicon.ico]
[ak.sv/old/scripts/site/css/reset.css]
[ak.sv/old/scripts/site/css/new_style.css]
[ak.sv/old/scripts/site/css/stylec81e.css]
[ak.sv/old/scripts/site/js/jquery.js]
[ak.sv/old/scripts/site/js/newcustom.js]
[ak.sv/old/scripts/site/js/jquery-ui.min.js]
[ak.sv/old/scripts/site/css/jquery-bxslider-rtl.css]
[ak.sv/old/scripts/site/css/flexslider.css]
[ak.sv/old/scripts/site/css/tinycarousel.css]
[ak.sv/old/scripts/site/plugins/fancybox/source/jquery.fancybox8cbb.css]
[ak.sv/old/scripts/site/js/jquery-bxslider-rtl.js]
[ak.sv/old/scripts/site/css/TimeCircles.css]
[ak.sv/old/scripts/site/js/modernizr.custom.97074.js]
[ak.sv/old/scripts/site/js/jquery.tinycarousel.min.js]
[ak.sv/old/scripts/site/plugins/fancybox/source/helpers/jquery.fancybox-buttons3447.css]
[ak.sv/old/scripts/site/plugins/fancybox/lib/jquery.mousewheel-3.0.6.pack.js]
[ak.sv/old/scripts/site/css/tipsy.css]
[ak.sv/old/scripts/site/js/jquery.tipsy.js]
[ak.sv/old/scripts/site/js/iscroll.js]
[ak.sv/old/cat/155/الأفلام-العربية.html]
[ak.sv/old/cat/80/المسلسلات-العربية.html]
[ak.sv/old/cat/156/الأفلام-الاجنبية.html]
[ak.sv/old/cat/166/المسلسلات-الاجنبية.html]
[ak.sv/old/cat/168/الافلام-الهندية.html]
[ak.sv/old/cat/190/المسلسلات-المدبلجة.html]
[ak.sv/old/cat/81/البرامج-التلفزيونية.html]
[ak.sv/old/cat/185/المسلسلات-الاسيوية.html]
[ak.sv/old/cat/88/المصارعة-الحرة.html]
[ak.sv/old/cat/83/الانمي.html]
[ak.sv/old/cat/149/مسرحيات.html]
[ak.sv/old/cat/84/اسلاميات-و-اناشيد.html]
[ak.sv/old/cat/94/افلام-وثائقية.html]
[ak.sv/old/cat/98/اخرى.html]
[ak.sv/old/contactus.html]
[ak.sv/old/scripts/site/img/main_logo.png]
[ak.sv/old/scripts/site/js/jquery.flexslider-min.js]
[ak.sv/old/scripts/site/plugins/fancybox/source/jquery.fancybox.pack8cbb.js]
[ak.sv/old/scripts/site/plugins/fancybox/source/helpers/jquery.fancybox-mediac924.js]
[ak.sv/old/scripts/site/plugins/fancybox/source/helpers/jquery.fancybox-buttons3447.js]
[ak.sv/old/index.html]
[ak.sv/old/GET.html]
[ak.sv/dmca.html]
[ak.sv/ad-policy.html]
[ak.sv/style/assets/css/fonts/icons/iconsa0f8.svg]
[ak.sv/style/assets/images/icon-cancel.html]
[ak.sv/style/assets/images/tmdb.png]
[ak.sv/style/assets/images/imdb.png]
[ak.sv/movies84e2.html]
[ak.sv/moviescd26.html]
[ak.sv/movies5c54.html]
[ak.sv/movies6f71.html]
[ak.sv/person/21154/yonas-kibreab.html]
[ak.sv/person/1232/zoe-saldana.html]
[ak.sv/person/10477/brad-garrett.html]
[ak.sv/person/9165/jameela-jamil.html]
[ak.sv/movie/9568/scrambled.html]
[ak.sv/movie/8998/hiding-from-my-husband.html]
[ak.sv/movie/8369/sound-of-silence.html]
[ak.sv/movie/1737/guardians-of-the-galaxy-vol-2.html]
[ak.sv/movie/2350/deliver-us-from-evil.html]
[ak.sv/movie/3026/they-reach.html]
[ak.sv/movie/5758/erna-i-krig-25.html]
[ak.sv/movie/1989/deadly-sniper.html]
[ak.sv/movie/9220/the-bell-keeper.html]
[ak.sv/movie/8811/the-flood.html]
[ak.sv/movie/9899/maharaja-مدبلج.html]
[ak.sv/movie/5503/still-out-of-my-league.html]
[ak.sv/movie/4507/free-guy-4.html]
[ak.sv/movie/9031/بيت-الروبي-5.html]
[ak.sv/movie/4567/incision.html]
[ak.sv/movie/7647/fakt-mahilao-maate.html]
[ak.sv/movie/7120/دوري-الحيوانات-الخارقة.html]
[ak.sv/movie/6111/the-seed.html]
[ak.sv/movie/1782/fantastic-four.html]
[ak.sv/moviesb591.html]
[ak.sv/moviesb0bf.html]
[ak.sv/movies0fae.html]
[ak.sv/style/assets/images/report.svg]
[ak.sv/movie/10075/elio-مدبلج.html]
[ak.sv/movies4bfd.html]
[ak.sv/movies4621.html]
[ak.sv/person/8687/katie-douglas.html]
[ak.sv/person/15482/aaron-abrams.html]
[ak.sv/person/21725/carson-maccormac.html]
[ak.sv/person/12313/kevin-durand.html]
[ak.sv/person/17481/will-sasso.html]
[ak.sv/movie/2467/فارس-بني-حمدان.html]
[ak.sv/movie/8438/colonials.html]
[ak.sv/movie/565/amadeus.html]
[ak.sv/movie/7189/ghoster-1.html]
[ak.sv/movie/6689/bridges.html]
[ak.sv/movie/3087/caged-1.html]
[ak.sv/movie/6605/novo-land-floating-heart.html]
[ak.sv/movie/4716/critical-thinking.html]
[ak.sv/movie/3130/little-big-women.html]
[ak.sv/movie/1744/الرجل-الأخطر.html]
[ak.sv/movie/6662/last-the-night.html]
[ak.sv/movie/5823/elizabeth-is-missing.html]
[ak.sv/movie/2580/nobody-sleeps-in-the-woods-tonight.html]
[ak.sv/movie/3307/a-nightmare-wakes.html]
[ak.sv/movie/3014/float.html]
[ak.sv/movie/6998/عالم-التلفزيون.html]
[ak.sv/movie/7410/shady-grove.html]
[ak.sv/movie/7987/the-winter-witch.html]
[ak.sv/movie/4590/حياة-الإمبراطور-الجديدة.html]
[ak.sv/movie/4627/we-need-to-do-something.html]
[ak.sv/moviesd8df.html]
[ak.sv/movies410a.html]
[ak.sv/movies7ca9.html]
[ak.sv/movie/10074/clown-in-a-cornfield.html]
[ak.sv/person/12300/ryu-kyung-soo.html]
[ak.sv/movie/4783/annabelle-sethupathi.html]
[ak.sv/movie/9272/bloodthirst.html]
[ak.sv/movie/1614/ad.html]
[ak.sv/movie/2369/lx-2048.html]
[ak.sv/movie/9165/petrol.html]
[ak.sv/movie/3048/the-midas-touch.html]
[ak.sv/movie/1699/wira.html]
[ak.sv/movie/7988/the-legend-of-herring.html]
[ak.sv/movie/8180/dragon-hunting-soul-suppressing-coffin.html]
[ak.sv/movie/2903/unbreakable-kimmy-schmidt-kimmy-vs-the-reverend.html]
[ak.sv/movie/9603/the-casagrandes-movie.html]
[ak.sv/movie/5051/in-for-a-murder.html]
[ak.sv/movie/4969/old-henry.html]
[ak.sv/movie/4887/robinson-crusoe.html]
[ak.sv/movie/5433/الصقر-شيمة.html]
[ak.sv/movie/4932/survive-the-game.html]
[ak.sv/movie/4463/eyewitness.html]
[ak.sv/movie/2723/buddy-games.html]
[ak.sv/movie/9634/what-jennifer-did.html]
[ak.sv/movie/7261/mr-harrigan-s-phone.html]
[ak.sv/movies0987.html]
[ak.sv/movies6077.html]
[ak.sv/movies80c5.html]
[ak.sv/movie/10073/noise.html]
[ak.sv/person/8045/summer-h-howell.html]
[ak.sv/person/1882/greg-bryk.html]
[ak.sv/movie/5722/binti.html]
[ak.sv/movie/2799/بالصدفة.html]
[ak.sv/movie/3944/the-tale-of-princess-kaguya-11.html]
[ak.sv/movie/4693/get-a-job.html]
[ak.sv/movie/4913/the-many-saints-of-newark.html]
[ak.sv/movie/1423/the-hobbit-an-unexpected-journey-1.html]
[ak.sv/movie/4268/gunpowder-milkshake.html]
[ak.sv/movie/8104/ditto.html]
[ak.sv/movie/5940/the-mystic-nine-qing-shan-hai-tang.html]
[ak.sv/movie/6273/father-of-flies.html]
[ak.sv/movie/4545/200halla-ho.html]
[ak.sv/movie/8713/run-rabbit-run.html]
[ak.sv/movie/8484/8000ft-up.html]
[ak.sv/movie/788/محمد-حسين-1.html]
[ak.sv/movie/4880/no-one-gets-out-alive.html]
[ak.sv/movie/8325/acidman.html]
[ak.sv/movie/398/عمر-2000-1.html]
[ak.sv/movie/3088/ghost-light.html]
[ak.sv/movie/5874/book-of-love.html]
[ak.sv/movie/1866/the-tears-of-the-great-sage.html]
[ak.sv/movies38fd.html]
[ak.sv/movies1697.html]
[ak.sv/movies36d4.html]
[ak.sv/movie/10072/spirit-in-the-blood.html]
[ak.sv/movies571c.html]
[ak.sv/person/6654/ross-marquand.html]
[ak.sv/person/4558/sarah-bolger.html]
[ak.sv/person/9437/susan-wilder.html]
[ak.sv/movie/8163/scent-of-a-woman.html]
[ak.sv/movie/3016/battle-in-space-the-armada-attacks.html]
[ak.sv/movie/7099/the-movie.html]
[ak.sv/movie/3283/land.html]
[ak.sv/movie/5502/american-refugee.html]
[ak.sv/movie/5475/badland-doves.html]
[ak.sv/movie/3951/silver-skates.html]
[ak.sv/movie/3469/killer-among-us.html]
[ak.sv/movie/9931/mukadderat.html]
[ak.sv/movie/3622/death-race-2.html]
[ak.sv/movie/2770/the-flame-of-the-nine-heavens.html]
[ak.sv/movie/7595/the-lost-patient.html]
[ak.sv/movie/2076/ravage-1.html]
[ak.sv/movie/5440/nash-bridges.html]
[ak.sv/movie/1302/becky.html]
[ak.sv/movie/5373/the-9th-life-of-louis-drax.html]
[ak.sv/movie/4367/mount-adams.html]
[ak.sv/movie/2172/sadak-2-1.html]
[ak.sv/movie/573/back-to-the-future-part-iii.html]
[ak.sv/movie/9826/monster-summer.html]
[ak.sv/moviesf85f.html]
[ak.sv/moviesfa63.html]
[ak.sv/movies7166.html]
[ak.sv/movie/10071/descendent.html]
[ak.sv/movie/8827/star-wars-episode-i-the-phantom-menace.html]
[ak.sv/movie/3298/chaos-walking.html]
[ak.sv/movie/6200/topside.html]
[ak.sv/movie/4719/malignant.html]
[ak.sv/movie/361/جعلتني-مجرما.html]
[ak.sv/movie/7574/sugar.html]
[ak.sv/movie/9508/5-محي-الدين-أبوالعز.html]
[ak.sv/movie/381/الكنز-2-الحب-والمصير.html]
[ak.sv/movie/3398/أوكتونتس-والحزام-الناري.html]
[ak.sv/movie/2298/rum-diary.html]
[ak.sv/movie/1802/offering-to-the-storm.html]
[ak.sv/movie/5787/ditched.html]
[ak.sv/movie/2576/زنزانة.html]
[ak.sv/movie/8874/bones-of-crows.html]
[ak.sv/movie/4156/planet-of-the-apes.html]
[ak.sv/movie/5150/dishonesty-the-truth-about-lies.html]
[ak.sv/movie/270/unbroken.html]
[ak.sv/movie/6962/royalteen.html]
[ak.sv/movie/7509/تاد-المستكشف-الضائع-واللوحة-الزمردية.html]
[ak.sv/movie/4875/عودة-الندلة.html]
[ak.sv/movies93a1.html]
[ak.sv/movies6129.html]
[ak.sv/movie/10070/elio.html]
[ak.sv/movies3b08.html]
[ak.sv/person/869/sam-rockwell.html]
[ak.sv/person/15356/marc-maron.html]
[ak.sv/person/7903/craig-robinson.html]
[ak.sv/person/10421/anthony-ramos.html]
[ak.sv/movie/7077/إمسك-حرامي.html]
[ak.sv/movie/1958/home-alone.html]
[ak.sv/movie/2861/the-naked-gun-from-the-files-of-police-squad.html]
[ak.sv/movie/9654/ghostbusters-frozen-empire-2.html]
[ak.sv/movie/7612/joyland.html]
[ak.sv/movie/4501/the-pawnbroker.html]
[ak.sv/movie/5249/clifford-the-big-red-dog.html]
[ak.sv/movie/3110/lost-treasure-of-jesse-james.html]
[ak.sv/movie/3518/the-human-voice-1.html]
[ak.sv/movie/1688/first-cow.html]
[ak.sv/movie/3545/the-djinn.html]
[ak.sv/movie/8291/vanished-searching-for-my-sister.html]
[ak.sv/movie/1156/ema.html]
[ak.sv/movie/3049/bigfoot-the-conspiracy.html]
[ak.sv/movie/338/drive.html]
[ak.sv/movie/7288/under-wraps-2-1.html]
[ak.sv/movie/2767/beast-mode.html]
[ak.sv/movie/2104/أرض-الخوف-1.html]
[ak.sv/movie/4805/صراع-في-الوادي.html]
[ak.sv/movie/4792/الفرصة-الذهبية.html]
[ak.sv/movies32b8.html]
[ak.sv/moviesbad5.html]
[ak.sv/moviesf9e7.html]
[ak.sv/movie/10069/the-bad-guys-2.html]
[ak.sv/movies5dda.html]
[ak.sv/person/119/tom-cruise.html]
[ak.sv/person/11175/hayley-atwell.html]
[ak.sv/person/1065/ving-rhames.html]
[ak.sv/person/1061/simon-pegg.html]
[ak.sv/movie/8572/firenado.html]
[ak.sv/movie/2796/سيدة-البحر.html]
[ak.sv/movie/9875/friday-the-13th-the-new-blood.html]
[ak.sv/movie/4485/وول-ي.html]
[ak.sv/movie/4153/moulin-rouge.html]
[ak.sv/movie/9903/brick.html]
[ak.sv/movie/8867/paradise.html]
[ak.sv/movie/8668/on-sacred-ground.html]
[ak.sv/movie/7450/hex-1.html]
[ak.sv/movie/7229/rainbow.html]
[ak.sv/movie/631/the-dark-knight-rises.html]
[ak.sv/movie/1853/intruder.html]
[ak.sv/movie/2469/غراميات-امرأة.html]
[ak.sv/movie/3764/final-destination-3.html]
[ak.sv/movie/4903/bingo-hell.html]
[ak.sv/movie/3740/unbending-mr-fang.html]
[ak.sv/movie/9643/immaculate.html]
[ak.sv/movie/412/last-christmas.html]
[ak.sv/movie/7469/my-name-is-leon.html]
[ak.sv/movie/6628/the-righteous.html]
[ak.sv/movies65a8.html]
[ak.sv/movies1676.html]
[ak.sv/movieseb01.html]
[ak.sv/movie/10068/mission-impossible-the-final-reckoning.html]
[ak.sv/person/2250/hermione-corfield.html]
[ak.sv/person/7885/jake-ryan.html]
[ak.sv/movie/6590/the-good-neighbor.html]
[ak.sv/movie/7881/noise.html]
[ak.sv/movie/6842/shelter-in-place.html]
[ak.sv/movie/9406/dry-day.html]
[ak.sv/movie/2079/the-24th.html]
[ak.sv/movie/7593/legend-of-bushenshan.html]
[ak.sv/movie/7673/tibetan-raiders.html]
[ak.sv/movie/422/fortunas-eye.html]
[ak.sv/movie/6674/أبطال-خارقون.html]
[ak.sv/movie/9992/the-monster-beneath-us.html]
[ak.sv/movie/8148/waltair-veerayya.html]
[ak.sv/movie/8864/nenu-student-sir.html]
[ak.sv/movie/4274/fear-street-part-three-1666.html]
[ak.sv/movie/7896/head-bush.html]
[ak.sv/movie/5732/new-gods-nezha-reborn.html]
[ak.sv/movie/6093/kung-fu-hairdresser.html]
[ak.sv/movie/8790/mr-car-and-the-knights-templar.html]
[ak.sv/movie/1431/bugsy.html]
[ak.sv/movie/2032/سواق-الهانم.html]
[ak.sv/movie/2591/menendez-the-day-of-the-lord.html]
[ak.sv/movies6799.html]
[ak.sv/moviesfde5.html]
[ak.sv/movies1050.html]
[ak.sv/movie/10067/fear-below.html]
[ak.sv/person/1646/bruce-willis.html]
[ak.sv/person/1622/gina-carano.html]
[ak.sv/person/7544/kellan-lutz.html]
[ak.sv/movie/5914/marry-me.html]
[ak.sv/movie/2412/lets-scare-julie.html]
[ak.sv/movie/7184/pokmon-the-arceus-chronicles.html]
[ak.sv/movie/4307/the-last-letter-from-your-lover.html]
[ak.sv/movie/4385/hop.html]
[ak.sv/movie/4785/كيف-تروض-تنينك-2.html]
[ak.sv/movie/693/spenser-confidential.html]
[ak.sv/movie/4343/namma-oorukku-ennadhan-achu.html]
[ak.sv/movie/5662/the-last-face.html]
[ak.sv/movie/1117/أنا-وأنت-وأمي-وأبي-1.html]
[ak.sv/movie/4213/the-colony.html]
[ak.sv/movie/1490/face-2-face.html]
[ak.sv/movie/3314/insight.html]
[ak.sv/movie/9446/evie.html]
[ak.sv/movie/5530/puff-wonders-of-the-reef.html]
[ak.sv/movie/7939/detective-knight-independence-11.html]
[ak.sv/movie/8083/all-the-places.html]
[ak.sv/movie/3817/kikis-delivery-service-13.html]
[ak.sv/movie/884/the-passion-of-joan-of-arc.html]
[ak.sv/movie/9805/squid-game-الموسم-الثالث.html]
[ak.sv/movies8f01.html]
[ak.sv/movies9433.html]
[ak.sv/movies73b3.html]
[ak.sv/movie/10066/extraction.html]
[ak.sv/moviesbec5.html]
[ak.sv/movies872e.html]
[ak.sv/person/15988/yko-hikasa.html]
[ak.sv/person/10484/haruka-tomatsu.html]
[ak.sv/person/3604/yki-kaji.html]
[ak.sv/movie/8001/the-nomad.html]
[ak.sv/movie/3841/quills.html]
[ak.sv/movie/3943/we-bought-a-zoo.html]
[ak.sv/movie/4397/فيفو.html]
[ak.sv/movie/9908/almost-cops.html]
[ak.sv/movie/2213/the-owners.html]
[ak.sv/movie/2271/phantastische-tierwesen-und-wo-sie-zu-finden-sind.html]
[ak.sv/movie/6338/الكاهن.html]
[ak.sv/movie/6162/umma.html]
[ak.sv/movie/2860/the-naked-gun-2-the-smell-of-fear.html]
[ak.sv/movie/6001/southpaw.html]
[ak.sv/movie/774/black-money.html]
[ak.sv/movie/7063/vesper-4.html]
[ak.sv/movie/1809/dragon-descendant-demon-busters.html]
[ak.sv/movie/2395/شمس-المعارف.html]
[ak.sv/movie/9284/ape-vs-mecha-ape.html]
[ak.sv/movie/8292/nightsiren.html]
[ak.sv/movie/8555/cherry.html]
[ak.sv/movie/8336/chokehold.html]
[ak.sv/movie/8319/the-thousand-faces-of-dunshu-2-1.html]
[ak.sv/movies9dd5.html]
[ak.sv/movieseee1.html]
[ak.sv/movies1678.html]
[ak.sv/movie/10065/mononoke-movie-2-hinezumi.html]
[ak.sv/person/9490/kana-hanazawa.html]
[ak.sv/person/12371/mami-koyama.html]
[ak.sv/movie/4404/xxx.html]
[ak.sv/movie/2440/hubie-halloween.html]
[ak.sv/movie/8818/the-legend-of-zorro.html]
[ak.sv/movie/4845/pride-and-prejudice-and-zombies.html]
[ak.sv/movie/4078/an-unquiet-grave.html]
[ak.sv/movie/9904/warlord.html]
[ak.sv/movie/4059/be-cool.html]
[ak.sv/movie/323/pirates-of-the-caribbean-dead-men-tell-no-tales.html]
[ak.sv/movie/3583/شاومينج.html]
[ak.sv/movie/8877/الدعسوقة-ميراكيلوس-والقط-الأسود-الفيلم.html]
[ak.sv/movie/4637/أحدب-نوتردام.html]
[ak.sv/movie/1640/battle-star-wars.html]
[ak.sv/movie/1949/على-وضعك.html]
[ak.sv/movie/2065/قرمط-بيتمرمط-1.html]
[ak.sv/movie/4202/out-of-death.html]
[ak.sv/movie/9113/expend4bles-1.html]
[ak.sv/movie/1228/إن-بارادوكس.html]
[ak.sv/movie/9585/alienoid-return-to-the-future.html]
[ak.sv/movie/5307/i-am-dragon.html]
[ak.sv/moviescf20.html]
[ak.sv/movies8de2.html]
[ak.sv/moviesa1c6.html]
[ak.sv/movie/10064/mononoke-the-movie-the-phantom-in-the-rain.html]
[ak.sv/person/15831/basil-joseph.html]
[ak.sv/person/16455/deepak-parambol.html]
[ak.sv/movie/835/the-big-lebowski.html]
[ak.sv/movie/4810/night-of-the-animated-dead.html]
[ak.sv/movie/4332/hostage-house.html]
[ak.sv/movie/6891/earwig.html]
[ak.sv/movie/5844/aaha.html]
[ak.sv/movie/6300/the-other-side-of-darkness.html]
[ak.sv/movie/6333/mishan-impossible.html]
[ak.sv/movie/4448/monster-hunter-legends-of-the-guild.html]
[ak.sv/movie/2891/the-legend-of-zu.html]
[ak.sv/movie/5129/the-claus-family.html]
[ak.sv/movie/8804/أساليب-الحب-2.html]
[ak.sv/movie/7852/ullasam.html]
[ak.sv/movie/3220/من-ضهر-راجل.html]
[ak.sv/movie/6672/sold.html]
[ak.sv/movie/8627/97minutes.html]
[ak.sv/movie/6626/murder-at-yellowstone-city.html]
[ak.sv/movie/1498/knockout.html]
[ak.sv/movie/9688/something-in-the-water.html]
[ak.sv/movie/2462/أميرة-حبي-أنا.html]
[ak.sv/movie/2729/بنات-العم.html]
[ak.sv/moviesdcf9.html]
[ak.sv/movies0712.html]
[ak.sv/movies50f6.html]
[ak.sv/movie/10063/sookshmadarshini-مدبلج.html]
[ak.sv/movie/2994/pieces-of-a-woman.html]
[ak.sv/movie/6966/south-park-the-25th-anniversary-concert.html]
[ak.sv/movie/1345/resident-evil-afterlife.html]
[ak.sv/movie/9819/off-the-grid.html]
[ak.sv/movie/7666/ginna-3.html]
[ak.sv/movie/3625/شارع-الحب.html]
[ak.sv/movie/6425/السفارة-في-العمارة.html]
[ak.sv/movie/2051/infestation.html]
[ak.sv/movie/9884/deep-cover.html]
[ak.sv/movie/3218/بحب-السيما.html]
[ak.sv/movie/2611/الفرح.html]
[ak.sv/movie/4239/triumph.html]
[ak.sv/movie/1375/ricordi.html]
[ak.sv/movie/4943/val.html]
[ak.sv/movie/10020/the-pickup.html]
[ak.sv/movie/2396/أخناتون-في-مراكش-33.html]
[ak.sv/movie/9401/vide-noir.html]
[ak.sv/movie/7576/project-wolf-hunting.html]
[ak.sv/movie/1691/the-beach-house.html]
[ak.sv/movie/9351/the-perfect-in-laws.html]
[ak.sv/movies1d63.html]
[ak.sv/moviesca7a.html]
[ak.sv/movie/10062/sookshmadarshini.html]
[ak.sv/movie/9169/deliver-us.html]
[ak.sv/movie/10003/hot-milk.html]
[ak.sv/movie/9669/المرهقون.html]
[ak.sv/movie/4574/rushed.html]
[ak.sv/movie/6647/blasted.html]
[ak.sv/movie/8136/jesse-james-unchained.html]
[ak.sv/movie/6322/dead-by-midnight-y2kill.html]
[ak.sv/movie/589/goodfellas.html]
[ak.sv/movie/4152/نار-من-نار.html]
[ak.sv/movie/2798/بردانة-أنا-3.html]
[ak.sv/movie/3304/the-notebooks.html]
[ak.sv/movie/8376/pathu-thala.html]
[ak.sv/movie/5813/36farmhouse.html]
[ak.sv/movie/8282/prom-pact.html]
[ak.sv/movie/2243/cranston-academy-monster-zone-14.html]
[ak.sv/movie/3139/narco-sub.html]
[ak.sv/movie/7793/محترم-إلا-ربع.html]
[ak.sv/movie/8006/aliens.html]
[ak.sv/movie/4541/فيلم-منزل-لاود.html]
[ak.sv/movies6d23.html]
[ak.sv/moviesee25.html]
[ak.sv/movieseea5.html]
[ak.sv/movie/10061/ms-apocalypse.html]
[ak.sv/person/1497/vanessa-kirby.html]
[ak.sv/person/406/jennifer-jason-leigh.html]
[ak.sv/person/875/stephan-james.html]
[ak.sv/person/3588/randall-park.html]
[ak.sv/person/20059/michael-kelly.html]
[ak.sv/person/1298/eli-roth.html]
[ak.sv/movie/6074/against-the-ice.html]
[ak.sv/movie/1177/sweetness-in-the-belly.html]
[ak.sv/movie/2411/a-call-to-spy-5.html]
[ak.sv/movie/1330/anacondas-4-trail-of-blood.html]
[ak.sv/movie/1541/i-spit-on-your-grave-deja-vu.html]
[ak.sv/movie/448/jojo-rabbit.html]
[ak.sv/movie/3567/sound-of-violence-3.html]
[ak.sv/movie/5842/aana.html]
[ak.sv/movie/4607/fear-and-loathing-in-aspen.html]
[ak.sv/movie/5877/nightfire.html]
[ak.sv/movie/2303/fear-pharm.html]
[ak.sv/movie/9399/maestro.html]
[ak.sv/movie/6222/metamorphosis.html]
[ak.sv/movie/7616/tokyo-revengers.html]
[ak.sv/movie/8819/the-mask-of-zorro.html]
[ak.sv/movie/5924/عروستي.html]
[ak.sv/movie/2205/love-guaranteed.html]
[ak.sv/movie/2435/are-we-dead-yet.html]
[ak.sv/movie/6132/the-sunset-limited.html]
[ak.sv/movies1382.html]
[ak.sv/movies8ea1.html]
[ak.sv/movies0b26.html]
[ak.sv/movie/10060/night-always-comes.html]
[ak.sv/person/9845/lily-rose-depp.html]
[ak.sv/person/2052/nicholas-hoult.html]
[ak.sv/person/6362/bill-skarsgrd.html]
[ak.sv/movie/2116/over-the-top.html]
[ak.sv/movie/1470/george-of-the-jungle.html]
[ak.sv/movie/4405/xxx-state-of-the-union.html]
[ak.sv/movie/3508/the-darkness.html]
[ak.sv/movie/1637/money-plane.html]
[ak.sv/movie/8263/kill-boksoon.html]
[ak.sv/movie/9564/cold-copy.html]
[ak.sv/movie/9090/star-trek-insurrection.html]
[ak.sv/movie/5531/south-park-post-covid-covid-returns-1.html]
[ak.sv/movie/6517/الفسحة-إنتهاء-الدراسة.html]
[ak.sv/movie/5860/theal-2.html]
[ak.sv/movie/8284/hunger.html]
[ak.sv/movie/7752/ashgrove.html]
[ak.sv/movie/6976/swim.html]
[ak.sv/movie/8498/the-edge-of-her-mind-anthology.html]
[ak.sv/movie/7171/the-perfumier.html]
[ak.sv/movie/3986/زوتوبيا.html]
[ak.sv/movie/3400/the-believer.html]
[ak.sv/movie/4134/mr-zombie.html]
[ak.sv/movie/4027/كليم-الله-الجزء-الاول.html]
[ak.sv/moviesb613.html]
[ak.sv/moviesfe38.html]
[ak.sv/movies2ca9.html]
[ak.sv/movie/10059/nosferatu.html]
[ak.sv/person/75/samuel-l-jackson.html]
[ak.sv/person/2444/colin-farrell.html]
[ak.sv/person/3895/michelle-rodriguez.html]
[ak.sv/person/6144/josh-charles.html]
[ak.sv/person/352/jeremy-renner.html]
[ak.sv/person/14714/brian-van-holt.html]
[ak.sv/movie/9051/موعد-كارل-الغرامي.html]
[ak.sv/movie/8547/ponniyin-selvan-part-two.html]
[ak.sv/movie/3732/little-nicky.html]
[ak.sv/movie/2941/coolie-no-1-3.html]
[ak.sv/movie/3211/soul-snatcher.html]
[ak.sv/movie/9794/an-endless-wedding.html]
[ak.sv/movie/9510/suncoast.html]
[ak.sv/movie/1768/don-t-let-them-in.html]
[ak.sv/movie/473/kung-fu-yoga.html]
[ak.sv/movie/8741/little-bone-lodge-5.html]
[ak.sv/movie/2940/the-magic-school-bus-rides-again-in-the-zone.html]
[ak.sv/movie/2259/بلية-ودماغه-العالية-2.html]
[ak.sv/movie/1916/غداء-العيد.html]
[ak.sv/movie/9911/caf-404.html]
[ak.sv/movie/7364/20th-century-girl.html]
[ak.sv/movie/2939/adn.html]
[ak.sv/movie/2187/the-precious-stone.html]
[ak.sv/movie/3872/يوم-في-السجن.html]
[ak.sv/movie/5788/road-to-perth.html]
[ak.sv/movie/4762/if-at-first-dramatic-fantasia.html]
[ak.sv/movies57f5.html]
[ak.sv/movies6f98.html]
[ak.sv/movies5510.html]
[ak.sv/movie/10058/s-w-a-t.html]
[ak.sv/person/1863/gregory-peck.html]
[ak.sv/person/1864/john-megna.html]
[ak.sv/person/1865/frank-overton.html]
[ak.sv/movie/6253/sonic-the-hedgehog-2-5.html]
[ak.sv/movie/8310/the-tutor.html]
[ak.sv/movie/7519/تنين-أبي.html]
[ak.sv/movie/8280/gangs-of-lagos-9.html]
[ak.sv/movie/7955/almighty-zeus.html]
[ak.sv/movie/3705/vertical-limit.html]
[ak.sv/movie/2268/edward-mit-den-scherenhnden.html]
[ak.sv/movie/4300/the-dragon-tomb-ancient-legend.html]
[ak.sv/movie/4705/lego-dc-comics-superheroes-justice-league-gotham-city-breakout.html]
[ak.sv/movie/5381/the-monster.html]
[ak.sv/movie/9538/the-bridge-curse-ritual.html]
[ak.sv/movie/4823/je-suis-karl.html]
[ak.sv/movie/5937/along-came-wanda.html]
[ak.sv/movie/5163/room.html]
[ak.sv/movie/5771/brother-s-keeper.html]
[ak.sv/movie/5770/brighton-4th.html]
[ak.sv/movie/8697/اجعلني-أصدق.html]
[ak.sv/movie/3886/the-counselor.html]
[ak.sv/movie/4815/destruction-of-opium-at-humen.html]
[ak.sv/movie/796/finding-nemo.html]
[ak.sv/moviesd487.html]
[ak.sv/movies58d0.html]
[ak.sv/movies2ad5.html]
[ak.sv/movie/10057/to-kill-a-mockingbird.html]
[ak.sv/person/18767/naomi-ackie.html]
[ak.sv/person/7620/louis-cancelmi.html]
[ak.sv/person/1678/lucas-hedges.html]
[ak.sv/movie/9080/star-trek-beyond.html]
[ak.sv/movie/4493/the-bucket-list.html]
[ak.sv/movie/4481/momentum.html]
[ak.sv/movie/4977/the-hunting-opeations.html]
[ak.sv/movie/1595/jaws-4-the-revenge.html]
[ak.sv/movie/8977/padmini.html]
[ak.sv/movie/1806/the-big-ugly.html]
[ak.sv/movie/2716/team-marco.html]
[ak.sv/movie/3520/in-the-earth.html]
[ak.sv/movie/584/city-of-god.html]
[ak.sv/movie/7328/summit-fever.html]
[ak.sv/movie/833/المتسول.html]
[ak.sv/movie/6448/نزال.html]
[ak.sv/movie/8646/the-exorcist.html]
[ak.sv/movie/9413/all-the-names-of-god.html]
[ak.sv/movie/2828/monster-hunter1.html]
[ak.sv/movie/945/fatal-journey.html]
[ak.sv/movie/6436/transformers.html]
[ak.sv/movie/3069/no-man-s-land.html]
[ak.sv/movie/1450/paranormal-activity-the-ghost-dimension.html]
[ak.sv/movies46aa.html]
[ak.sv/moviesee15.html]
[ak.sv/moviesfded.html]
[ak.sv/moviesd6f7.html]
[ak.sv/movie/10056/sorry-baby.html]
[ak.sv/movies74dc.html]
[ak.sv/person/18367/vic-carmen-sonne.html]
[ak.sv/person/2745/trine-dyrholm.html]
[ak.sv/movie/5805/the-hunting.html]
[ak.sv/movie/2135/the-bridge-curse.html]
[ak.sv/movie/8835/star-wars-episode-vi-return-of-the-jedi-1.html]
[ak.sv/movie/8533/skinford-death-sentence.html]
[ak.sv/movie/9192/totally-killer.html]
[ak.sv/movie/7726/wrecker.html]
[ak.sv/movie/5791/heatwave.html]
[ak.sv/movie/1504/kappela.html]
[ak.sv/movie/8346/spicy-police-flower-1.html]
[ak.sv/movie/2951/the-rope-curse-2.html]
[ak.sv/movie/6267/pen-vilai-verum-999-rubai-mattume.html]
[ak.sv/movie/576/citizen-kane.html]
[ak.sv/movie/4492/the-bonfire-of-the-vanities.html]
[ak.sv/movie/7875/beautiful-beings.html]
[ak.sv/movie/952/light-from-light.html]
[ak.sv/movie/991/ik-sandhu-hunda-si.html]
[ak.sv/movie/4031/false-positive.html]
[ak.sv/movie/3179/i-blame-society.html]
[ak.sv/movie/3706/what-women-want.html]
[ak.sv/moviesa5b9.html]
[ak.sv/movie/10055/the-girl-with-the-needle.html]
[ak.sv/person/5689/adam-devine.html]
[ak.sv/person/1236/idris-elba.html]
[ak.sv/person/8427/kathryn-hahn.html]
[ak.sv/person/7737/fred-armisen.html]
[ak.sv/person/4080/bobby-moynihan.html]
[ak.sv/person/20179/michelle-buteau.html]
[ak.sv/movie/2252/blow.html]
[ak.sv/movie/6003/فيلم-100.html]
[ak.sv/movie/2999/stuck-apart.html]
[ak.sv/movie/8910/the-collective.html]
[ak.sv/movie/462/man-of-tai-chi.html]
[ak.sv/movie/7135/jianghu.html]
[ak.sv/movie/3623/جاءنا-البيان-التالي.html]
[ak.sv/movie/7407/hellhole.html]
[ak.sv/movie/8607/the-fist-of-the-condor.html]
[ak.sv/movie/5108/dybbuk-the-curse-is-real-1.html]
[ak.sv/movie/3768/malna.html]
[ak.sv/movie/4221/طائرات-مهمة-الإنقاذ.html]
[ak.sv/movie/7638/westbound-inn.html]
[ak.sv/movie/4808/المواطن-مصري.html]
[ak.sv/movie/7226/plan-a-plan-b-1.html]
[ak.sv/movie/4244/الباحثات-عن-الحرية.html]
[ak.sv/movie/6213/the-lost-city-3.html]
[ak.sv/movies5bec.html]
[ak.sv/movies9d20.html]
[ak.sv/movies4be5.html]
[ak.sv/movie/10054/fixed.html]
[ak.sv/person/17/vincent-cassel.html]
[ak.sv/person/1297/diane-kruger.html]
[ak.sv/person/1307/guy-pearce.html]
[ak.sv/movie/6025/the-wedding-ringer.html]
[ak.sv/movie/6635/kuttavum-shikshayum.html]
[ak.sv/movie/2967/popcorn-monkey-tiger.html]
[ak.sv/movie/6246/jurassic-island.html]
[ak.sv/movie/5978/granny-nanny.html]
[ak.sv/movie/3293/crisis.html]
[ak.sv/movie/1690/archive.html]
[ak.sv/movie/5471/american-sicario.html]
[ak.sv/movie/723/children-of-heaven.html]
[ak.sv/movie/886/logan.html]
[ak.sv/movie/7716/love-today.html]
[ak.sv/movie/4452/special-police-and-snake-revenge.html]
[ak.sv/movie/6440/transformers-the-last-knight.html]
[ak.sv/movie/9377/the-marvels.html]
[ak.sv/movie/3942/vicky-cristina-barcelona.html]
[ak.sv/movie/7692/nazar-andaaz.html]
[ak.sv/movie/6420/bhala-thandanana.html]
[ak.sv/movie/8549/there-will-be-blood.html]
[ak.sv/movies963c.html]
[ak.sv/movies3169.html]
[ak.sv/moviesa06b.html]
[ak.sv/movie/10053/the-shrouds.html]
[ak.sv/person/10996/selton-mello.html]
[ak.sv/movie/757/metropolis.html]
[ak.sv/movie/6857/albatross.html]
[ak.sv/movie/1248/jules-of-light-and-dark.html]
[ak.sv/movie/9384/chicken-run-operation-nugget.html]
[ak.sv/movie/7707/the-banshees-of-inisherin.html]
[ak.sv/movie/7374/the-domestic.html]
[ak.sv/movie/2648/contracts.html]
[ak.sv/movie/5620/نور-وجوه-محرمة-6.html]
[ak.sv/movie/310/the-hunger-games-mockingjay-part-1.html]
[ak.sv/movie/9334/you-re-all-gonna-die.html]
[ak.sv/movie/316/time-out-of-mind.html]
[ak.sv/movie/6591/the-wicked-wife.html]
[ak.sv/movie/8267/gaslight.html]
[ak.sv/movie/7393/don-t-worry-darling.html]
[ak.sv/movie/1066/the-quarry.html]
[ak.sv/movie/4461/edison.html]
[ak.sv/movie/6390/monstrous.html]
[ak.sv/movie/7995/cottage-no-1303.html]
[ak.sv/movie/6637/down-with-the-king.html]
[ak.sv/movie/7278/werewolf-by-night-1.html]
[ak.sv/movies63a2.html]
[ak.sv/movies5c7c.html]
[ak.sv/movies0ebe.html]
[ak.sv/movie/10052/i-m-still-here.html]
[ak.sv/person/353/forest-whitaker.html]
[ak.sv/person/772/james-mcavoy.html]
[ak.sv/person/11694/gillian-anderson.html]
[ak.sv/person/7892/simon-mcburney.html]
[ak.sv/movie/8070/hypersleep.html]
[ak.sv/movie/7817/don-t-fuck-in-the-woods-2.html]
[ak.sv/movie/5908/catch-the-fair-one-5.html]
[ak.sv/movie/4163/super-troopers.html]
[ak.sv/movie/8359/kiss-kiss.html]
[ak.sv/movie/9402/الهامور-ح-ع.html]
[ak.sv/movie/9193/fair-play.html]
[ak.sv/movie/8751/alabama-rose.html]
[ak.sv/movie/6844/777charlie.html]
[ak.sv/movie/1237/measure-for-measure.html]
[ak.sv/movie/4237/mazinger-z.html]
[ak.sv/movie/3199/body-brokers-1.html]
[ak.sv/movie/9273/temporada-de-huracanes.html]
[ak.sv/movie/8759/night-of-soul-returning.html]
[ak.sv/movie/366/سهر-الليالي.html]
[ak.sv/movie/3923/just-another-dream.html]
[ak.sv/movie/3658/frequency.html]
[ak.sv/movie/5219/الأميرة-البجعة.html]
[ak.sv/movie/3884/the-big-short.html]
[ak.sv/movie/7625/goodbye.html]
[ak.sv/moviesdc32.html]
[ak.sv/movies33bb.html]
[ak.sv/moviesb85e.html]
[ak.sv/movie/10051/the-last-king-of-scotland.html]
[ak.sv/person/8737/temuera-morrison.html]
[ak.sv/person/185/jason-flemyng.html]
[ak.sv/person/4025/cliff-curtis.html]
[ak.sv/movie/6782/death-count.html]
[ak.sv/movie/5121/a-piggy-love-story.html]
[ak.sv/movie/2138/judgement.html]
[ak.sv/movie/3392/the-resort.html]
[ak.sv/movie/6660/code-name-banshee.html]
[ak.sv/movie/8639/plan-75.html]
[ak.sv/movie/590/high-and-low.html]
[ak.sv/movie/4654/الطيور-الغاضبة-2.html]
[ak.sv/movie/1412/stairs.html]
[ak.sv/movie/8914/the-bigfoot-trap.html]
[ak.sv/movie/6790/jo-and-jo.html]
[ak.sv/movie/2362/tunnelen.html]
[ak.sv/movie/8902/شوجر-دادي-5.html]
[ak.sv/movie/7590/malazgirt-1071.html]
[ak.sv/movie/9292/squealer.html]
[ak.sv/movie/7552/aisha.html]
[ak.sv/movie/800/baaghi-3.html]
[ak.sv/movie/3112/100days-to-live.html]
[ak.sv/movie/6779/بخيت-وعديلة.html]
[ak.sv/movie/4752/موسى.html]
[ak.sv/movies9a31.html]
[ak.sv/movies4fb4.html]
[ak.sv/movies2605.html]
[ak.sv/movie/10050/ka-whawhai-tonu.html]
[ak.sv/person/548/دينا-الشربيني.html]
[ak.sv/person/430/ياسمين-رئيس.html]
[ak.sv/person/19130/حاتم-صلاح.html]
[ak.sv/person/568/محسن-منصور.html]
[ak.sv/movie/8504/fast-x.html]
[ak.sv/movie/3900/don-jon.html]
[ak.sv/movie/9482/wish.html]
[ak.sv/movie/4471/invictus.html]
[ak.sv/movie/7717/pelosi-in-the-house.html]
[ak.sv/movie/2800/ثم-من-بعدك.html]
[ak.sv/movie/413/captain-america-the-first-avenger-1.html]
[ak.sv/movie/8194/batman-the-doom-that-came-to-gotham-3.html]
[ak.sv/movie/1897/green-rush.html]
[ak.sv/movie/5347/bleed-for-this.html]
[ak.sv/movie/304/that-awkward-moment.html]
[ak.sv/movie/5010/please-kill-me.html]
[ak.sv/movie/9724/gangstas.html]
[ak.sv/movie/4025/طرزان-2.html]
[ak.sv/movie/8672/zindagi-shatranj-hai.html]
[ak.sv/movie/3853/حياة-حشرة.html]
[ak.sv/movie/6586/mid-century-5.html]
[ak.sv/movie/7621/the-masked-scammer.html]
[ak.sv/movie/6479/wolf-hound-3.html]
[ak.sv/movies5629.html]
[ak.sv/moviesc3a6.html]
[ak.sv/movie/10049/الهنا-اللي-أنا-فيه.html]
[ak.sv/person/1491/tyrone-power.html]
[ak.sv/person/1492/marlene-dietrich.html]
[ak.sv/person/1493/charles-laughton.html]
[ak.sv/movie/6371/المحقق-كونان-الرصاصة-القرمزية.html]
[ak.sv/movie/2458/الثلاثه-يحبونها.html]
[ak.sv/movie/6204/the-humans-4.html]
[ak.sv/movie/7686/detective-knight-redemption-7.html]
[ak.sv/movie/3289/lucky.html]
[ak.sv/movie/8670/yin-yang-cross-border-person.html]
[ak.sv/movie/7525/capturing-the-killer-nurse.html]
[ak.sv/movie/5916/those-who-walk-away-6.html]
[ak.sv/movie/7684/بينوكيو-من-غييرمو-ديل-تورو.html]
[ak.sv/movie/3124/bliss.html]
[ak.sv/movie/5712/chandigarh-kare-aashiqui.html]
[ak.sv/movie/978/ip-man-4-the-finale.html]
[ak.sv/movie/5376/the-edge-of-seventeen.html]
[ak.sv/movie/4172/fear-street.html]
[ak.sv/movie/1767/debunkers-inc.html]
[ak.sv/movie/9776/notre-rve-amricain.html]
[ak.sv/movie/667/your-name.html]
[ak.sv/movie/3672/next-friday.html]
[ak.sv/moviesf80c.html]
[ak.sv/moviesabc1.html]
[ak.sv/movies2e77.html]
[ak.sv/movie/10048/witness-for-the-prosecution.html]
[ak.sv/person/19777/tim-robinson.html]
[ak.sv/person/943/kate-mara.html]
[ak.sv/person/6618/jack-dylan-grazer.html]
[ak.sv/person/1229/paul-rudd.html]
[ak.sv/movie/9898/maharaja.html]
[ak.sv/movie/4489/فوق.html]
[ak.sv/movie/2762/onus.html]
[ak.sv/movie/4210/no-loss-no-gain.html]
[ak.sv/movie/2910/the-great-alaskan-race.html]
[ak.sv/movie/395/إبراهيم-الأبيض.html]
[ak.sv/movie/282/exodus-gods-and-kings.html]
[ak.sv/movie/9177/haunted-mansion.html]
[ak.sv/movie/9353/the-persian-version.html]
[ak.sv/movie/9251/mortal-kombat-legends-cage-match.html]
[ak.sv/movie/1543/i-spit-on-your-grave-2.html]
[ak.sv/movie/3727/pandy.html]
[ak.sv/movie/6941/the-killer.html]
[ak.sv/movie/2103/أيام-السادات.html]
[ak.sv/movie/7825/meeting-mr-christmas.html]
[ak.sv/movie/5966/دفع-رباعي-بقوة-26.html]
[ak.sv/movie/3294/sometime-other-than-now.html]
[ak.sv/movie/1717/iron-man-2.html]
[ak.sv/movies3021.html]
[ak.sv/moviesd57b.html]
[ak.sv/moviesaa2f.html]
[ak.sv/movie/10047/friendship.html]
[ak.sv/person/16690/rihanna.html]
[ak.sv/person/2476/james-corden.html]
[ak.sv/person/1743/nick-offerman.html]
[ak.sv/person/2383/jp-karliak.html]
[ak.sv/movie/1936/the-beach.html]
[ak.sv/movie/4555/كلب-بلدي.html]
[ak.sv/movie/8737/hunt-club.html]
[ak.sv/movie/8414/deaths-roulette.html]
[ak.sv/movie/7605/remember.html]
[ak.sv/movie/6408/the-last-witch-hunter.html]
[ak.sv/movie/7704/christmas-plus-one.html]
[ak.sv/movie/3437/the-big-bull.html]
[ak.sv/movie/5379/the-hollow-point.html]
[ak.sv/movie/1530/the-twilight-saga-breaking-dawn-part-2.html]
[ak.sv/movie/1268/بئر-الحرمان.html]
[ak.sv/movie/6715/مفلح-باشا.html]
[ak.sv/movie/1734/ant-man.html]
[ak.sv/movie/1180/18presents.html]
[ak.sv/movie/5443/baazi.html]
[ak.sv/movie/5959/hot-tub-time-machine-2.html]
[ak.sv/movie/9587/stopmotion.html]
[ak.sv/movie/6165/ريش.html]
[ak.sv/movies3f10.html]
[ak.sv/movies8749.html]
[ak.sv/movies7a29.html]
[ak.sv/movie/10046/smurfs.html]
[ak.sv/movie/10031/harvest.html]
[ak.sv/movie/10030/site.html]
[ak.sv/movie/10029/shaman.html]
[ak.sv/movie/10028/uninvited.html]
[ak.sv/movie/10027/thammudu.html]
[ak.sv/movie/10026/oho-enthan-baby.html]
[ak.sv/movie/10025/the-killer-s-game.html]
[ak.sv/movie/10024/the-killer-s-game-مدبلج.html]
[ak.sv/movie/10023/fly-me-to-the-moon.html]
[ak.sv/movie/10022/best-wishes-to-all.html]
[ak.sv/movie/10021/the-pickup-مدبلج.html]
[ak.sv/movie/10019/my-fault-london-مدبلج.html]
[ak.sv/movie/10018/your-fault-مدبلج.html]
[ak.sv/movie/10017/my-fault-مدبلج.html]
[ak.sv/movie/10016/holy-night-demon-hunters.html]
[ak.sv/movies4658.html]
[ak.sv/movies2679.html]
[ak.sv/movie/10015/abraham-s-boys.html]
[ak.sv/movie/10013/ne-zha-2.html]
[ak.sv/movie/10012/sleeping-dogs.html]
[ak.sv/movie/10011/jurassic-world-rebirth.html]
[ak.sv/movie/10010/the-last-gunfight.html]
[ak.sv/movie/10009/sitaare-zameen-par.html]
[ak.sv/movie/10008/f-plus.html]
[ak.sv/movie/10007/naples-to-new-york.html]
[ak.sv/movie/10006/bob-trevino-likes-it.html]
[ak.sv/movie/10005/trouble-man.html]
[ak.sv/movie/10004/into-the-deep.html]
[ak.sv/movie/10002/housefull-5b.html]
[ak.sv/movie/10001/housefull-5-a.html]
[ak.sv/movie/10000/ghost-killer.html]
[ak.sv/movie/9999/the-surfer.html]
[ak.sv/movie/9998/my-oxford-year.html]
[ak.sv/movie/9997/war-of-the-worlds.html]
[ak.sv/movie/9994/the-life-of-chuck.html]
[ak.sv/movie/9993/the-dogs.html]
[ak.sv/movie/9991/venom-the-last-dance.html]
[ak.sv/movie/9990/special-delivery.html]
[ak.sv/movie/9989/screamboat.html]
[ak.sv/movie/9988/mcveigh.html]
[ak.sv/movie/9987/revolver.html]
[ak.sv/movies9ba9.html]
[ak.sv/movie/9986/kuberaa.html]
[ak.sv/movie/9985/osiris.html]
[ak.sv/movie/9984/officer-on-duty.html]
[ak.sv/movie/9983/wicked.html]
[ak.sv/movie/9982/your-monster.html]
[ak.sv/movie/9981/cleaner.html]
[ak.sv/movie/9980/a-normal-woman.html]
[ak.sv/movie/9979/happy-gilmore-2.html]
[ak.sv/movie/9978/happy-gilmore.html]
[ak.sv/movie/9977/once-upon-a-time-in-mumbaai-dobara.html]
[ak.sv/movie/9976/once-upon-a-time-in-mumbaai.html]
[ak.sv/movie/9975/cold-prey-2.html]
[ak.sv/movie/9974/cold-prey.html]
[ak.sv/movie/9973/daniela-forever.html]
[ak.sv/movie/9972/40-acres.html]
[ak.sv/movie/9971/ريستارت-1.html]
[ak.sv/movie/9970/lilo-stitch-مدبلج.html]
[ak.sv/movie/9969/الحب-مجرد-لحظة-مدبلج.html]
[ak.sv/movie/9968/ak-sadece-bir-an.html]
[ak.sv/movie/9967/constantine.html]
[ak.sv/movie/9966/run-all-night.html]
[ak.sv/movie/9965/materialists.html]
[ak.sv/movie/9964/gazer.html]
[ak.sv/movie/9963/dangerous-animals.html]
[ak.sv/movie/9962/the-quake.html]
[ak.sv/movie/9961/into-the-storm.html]
[ak.sv/movie/9960/acide.html]
[ak.sv/movie/9959/lilo-stitch.html]
[ak.sv/movie/9958/rust.html]
[ak.sv/movie/9957/the-phoenician-scheme.html]
[ak.sv/moviesfdb0.html]
[ak.sv/movie/9956/fool-n-final-مدبلج.html]
[ak.sv/movie/9955/dil-vil-pyar-vyar-مدبلج.html]
[ak.sv/movie/9954/legends-of-the-condor-heroes-the-gallants.html]
[ak.sv/movie/9953/dil-to-baccha-hai-ji.html]
[ak.sv/movie/9952/andaz-apna-apna.html]
[ak.sv/movie/9951/tomb-guardian-man.html]
[ak.sv/movie/9950/not-short-of-money.html]
[ak.sv/movie/9949/land-in-the-hell.html]
[ak.sv/movie/9948/bulletproof-monk.html]
[ak.sv/movie/9947/shivaay.html]
[ak.sv/movie/9946/hera-pher.html]
[ak.sv/movie/9945/six-days-in-august.html]
[ak.sv/movie/9944/no-address.html]
[ak.sv/movie/9943/inside.html]
[ak.sv/movie/9942/deewaar.html]
[ak.sv/movie/9941/saint-clare.html]
[ak.sv/movie/9940/bride-hard.html]
[ak.sv/movie/9939/woken.html]
[ak.sv/movie/9938/popeye-the-slayer-man.html]
[ak.sv/movie/9937/bring-them-down.html]
[ak.sv/movie/9936/almost-family.html]
[ak.sv/movie/9935/daaku-maharaaj.html]
[ak.sv/movie/9934/wall-to-wall.html]
[ak.sv/movie/9933/the-prosecutor.html]
[ak.sv/movie/9932/the-penguin-lessons.html]
[ak.sv/movie/9930/the-ritual.html]
[ak.sv/movie/9929/push.html]
[ak.sv/movie/9928/faster.html]
[ak.sv/movie/9927/m3gan-2-0.html]
[ak.sv/moviesaf4d.html]
[ak.sv/movie/9926/how-to-train-your-dragon.html]
[ak.sv/movie/9925/sovereign.html]
[ak.sv/movie/9924/a-scam-called-love.html]
[ak.sv/movie/9923/the-death-of-snow-white.html]
[ak.sv/movie/9922/kaiju-no-8-mission-recon.html]
[ak.sv/movie/9921/manjummel-boys-مدبلج.html]
[ak.sv/movie/9920/aap-jaisa-koi.html]
[ak.sv/movie/9919/detective-ujjwalan.html]
[ak.sv/movie/9918/8-vasantalu.html]
[ak.sv/movie/9917/the-summer-book.html]
[ak.sv/movie/9916/the-other.html]
[ak.sv/movie/9915/spiders-on-a-plane.html]
[ak.sv/movie/9914/never-blink.html]
[ak.sv/movie/9913/desperate.html]
[ak.sv/movie/9912/behave.html]
[ak.sv/movie/9910/until-dawn.html]
[ak.sv/movie/9909/madea-s-destination-wedding.html]
[ak.sv/movie/9907/الابطال-مدبلج.html]
[ak.sv/movie/9906/sampiyonlar.html]
[ak.sv/movie/9905/deadly-escape.html]
[ak.sv/movie/9902/the-unholy-trinity.html]
[ak.sv/movie/9901/ziam.html]
[ak.sv/movie/9900/vikram-vedha-مدبلج.html]
[ak.sv/movie/9897/night-of-the-zoopocalypse.html]
[ak.sv/moviesc575.html]
[ak.sv/movie/9896/karate-kid-legends.html]
[ak.sv/movie/9895/restless.html]
[ak.sv/movie/9894/our-times.html]
[ak.sv/movie/9893/sew-torn.html]
[ak.sv/movie/9892/the-fire-and-the-moth.html]
[ak.sv/movie/9891/the-death-that-awaits.html]
[ak.sv/movie/9890/irish-ashes.html]
[ak.sv/movie/9889/titan-the-oceangate-disaster.html]
[ak.sv/movie/9888/bogieville.html]
[ak.sv/movie/9887/friendship.html]
[ak.sv/movie/9886/echo-valley.html]
[ak.sv/movie/9885/bleeding.html]
[ak.sv/movie/9883/ghost-of-spring.html]
[ak.sv/movie/9882/uppu-kappurambu.html]
[ak.sv/movie/9881/dora-and-the-search-for-sol-dorado-مدبلج.html]
[ak.sv/movie/9880/dora-and-the-search-for-sol-dorado.html]
[ak.sv/movie/9879/dora-and-the-lost-city-of-gold-مدبلج.html]
[ak.sv/movie/9878/dora-and-the-lost-city-of-gold.html]
[ak.sv/movie/9877/friday-the-13th.html]
[ak.sv/movie/9876/friday-the-13th-part-viii-jason-takes-manhattan.html]
[ak.sv/movie/9874/friday-the-13th-part-vi-jason-lives.html]
[ak.sv/movie/9873/friday-the-13th-a-new-beginning.html]
[ak.sv/movie/9872/friday-the-13th-the-final-chapter.html]
[ak.sv/movie/9871/friday-the-13th-part-3.html]
[ak.sv/movie/9870/friday-the-13th-part-2.html]
[ak.sv/movie/9869/friday-the-13th.html]
[ak.sv/movie/9868/passengers.html]
[ak.sv/movie/9867/arrest-yang-qiangqiang.html]
[ak.sv/movie/9866/its-okay.html]
[ak.sv/movies0b08.html]
[ak.sv/movies235c.html]
[ak.sv/movies1448.html]
[ak.sv/movie/9865/kaiju-no-8-mission-recon.html]
[ak.sv/movie/9864/the-legend-of-ochi.html]
[ak.sv/movie/9863/eden.html]
[ak.sv/movie/9862/antique-strategy-in-the-battle-of-longbi.html]
[ak.sv/movie/9861/عطلة-فوق-التوقعات-مدبلج.html]
[ak.sv/movie/9860/eyvah-tatil.html]
[ak.sv/movie/9859/the-painted.html]
[ak.sv/movie/9858/single.html]
[ak.sv/movie/9857/the-accountant-2-مدبلج.html]
[ak.sv/movie/9856/thug-life.html]
[ak.sv/movie/9855/ace.html]
[ak.sv/movie/9854/neighborhood-watch.html]
[ak.sv/movie/9853/kadhalikka-neramillai.html]
[ak.sv/movie/9852/death-of-a-unicorn.html]
[ak.sv/movie/9851/heads-of-state-مدبلج.html]
[ak.sv/movie/9850/heads-of-state.html]
[ak.sv/movie/9849/pushpa-the-rule-part-2.html]
[ak.sv/movie/9848/the-old-guard-2.html]
[ak.sv/movie/9847/guns-up.html]
[ak.sv/movie/9846/oh-canada.html]
[ak.sv/movie/9845/ice-road-vengeance.html]
[ak.sv/movie/9844/bring-her-back.html]
[ak.sv/movie/9843/tornado.html]
[ak.sv/movie/9842/hunting-grounds.html]
[ak.sv/movie/9841/28-years-later.html]
[ak.sv/movie/9840/stand-your-ground.html]
[ak.sv/movie/9839/ballerina.html]
[ak.sv/movie/9838/in-the-lost-lands.html]
[ak.sv/movie/9837/thunderbolts.html]
[ak.sv/movie/9836/sinners.html]
[ak.sv/moviesfdfa.html]
[ak.sv/movies1c8b.html]
[ak.sv/movie/255/ex-machina.html]
[ak.sv/movie/280/العار-1.html]
[ak.sv/movie/279/dawn-of-the-planet-of-the-apes.html]
[ak.sv/movie/278/chef.html]
[ak.sv/movie/277/neighbors.html]
[ak.sv/movie/276/as-above-so-below.html]
[ak.sv/movie/275/annie.html]
[ak.sv/movie/274/a-walk-among-the-tombstones.html]
[ak.sv/movie/273/a-most-wanted-man.html]
[ak.sv/movie/272/a-million-ways-to-die-in-the-west.html]
[ak.sv/movie/268/the-imitation-game.html]
[ak.sv/movie/267/the-equalizer.html]
[ak.sv/movie/265/paddington.html]
[ak.sv/movie/264/nightcrawler.html]
[ak.sv/movie/263/lucy.html]
[ak.sv/movie/250/kingsman-the-secret-service-1.html]
[ak.sv/movie/261/divergent.html]
[ak.sv/movie/262/edge-of-tomorrow.html]
[ak.sv/movie/260/captain-america-the-winter-soldier.html]
[ak.sv/movie/259/blended.html]
[ak.sv/movie/258/birdman.html]
[ak.sv/movie/257/big-hero-6.html]
[ak.sv/movie/256/american-sniper.html]
[ak.sv/movie/254/whiplash.html]
[ak.sv/movie/253/gone-girl.html]
[ak.sv/movie/248/interstellar.html]
[ak.sv/movie/252/كتيبة-الإعدام.html]
[ak.sv/movie/251/john-wick.html]
[ak.sv/movies89b8.html]
[ak.sv/moviesf24c.html]
[ak.sv/movies6e76.html]
[ak.sv/movies67f6.html]
[ak.sv/moviesf9fe.html]
[ak.sv/moviesa22c.html]
[ak.sv/movies16e8.html]
[ak.sv/moviesd079.html]
[ak.sv/movie/244/rambo-5-last-blood.html]
[ak.sv/movie/243/rambo.html]
[ak.sv/movie/242/rambo-iii.html]
[ak.sv/movie/241/rambo-first-blood-part-ii.html]
[ak.sv/movie/240/rambo-first-blood.html]
[ak.sv/movie/249/guardians-of-the-galaxy.html]
[ak.sv/movie/245/maleficent.html]
[ak.sv/movie/228/الفيل-الأزرق-4.html]
[ak.sv/moviesa2a3.html]
[ak.sv/GET.html]
[ak.sv/movie/227/الفيل-الأزرق-3.html]
[ak.sv/series571c.html]
[ak.sv/person/15062/العنود-سعود.html]
[ak.sv/person/21742/رنا-جبران.html]
[ak.sv/person/1643/زهرة-عرفات.html]
[ak.sv/episode/88970/امي/الحلقة-79.html]
[ak.sv/episode/88966/امي/الحلقة-78.html]
[ak.sv/episode/88952/امي/الحلقة-77.html]
[ak.sv/episode/88921/امي/الحلقة-76.html]
[ak.sv/episode/88897/امي/الحلقة-75.html]
[ak.sv/episode/88894/امي/الحلقة-74.html]
[ak.sv/episode/88891/امي/الحلقة-73.html]
[ak.sv/episode/88391/امي-الحلقة-52.html]
[ak.sv/episode/88887/امي/الحلقة-72.html]
[ak.sv/episode/88870/امي/الحلقة-71.html]
[ak.sv/episode/88858/امي/الحلقة-70.html]
[ak.sv/episode/88842/امي/الحلقة-69.html]
[ak.sv/episode/88835/امي/الحلقة-68.html]
[ak.sv/episode/88827/امي/الحلقة-67.html]
[ak.sv/episode/88764/امي/الحلقة-66.html]
[ak.sv/episode/88735/امي/الحلقة-65.html]
[ak.sv/episode/88726/امي/الحلقة-64.html]
[ak.sv/episode/88721/امي/الحلقة-63.html]
[ak.sv/episode/88675/امي/الحلقة-62.html]
[ak.sv/episode/88619/امي/الحلقة-61.html]
[ak.sv/episode/88593/امي/الحلقة-60.html]
[ak.sv/episode/88563/امي/الحلقة-59.html]
[ak.sv/episode/88555/امي/الحلقة-58.html]
[ak.sv/episode/88516/امي/الحلقة-57.html]
[ak.sv/episode/88476/امي/الحلقة-56.html]
[ak.sv/episode/88438/امي/الحلقة-55.html]
[ak.sv/episode/88418/امي/الحلقة-54.html]
[ak.sv/episode/88397/امي/الحلقة-53.html]
[ak.sv/episode/88334/امي/الحلقة-51.html]
[ak.sv/episode/88290/امي/الحلقة-50.html]
[ak.sv/episode/88279/امي/الحلقة-49.html]
[ak.sv/episode/88273/امي/الحلقة-48.html]
[ak.sv/episode/88265/امي/الحلقة-47.html]
[ak.sv/episode/88233/امي/الحلقة-46.html]
[ak.sv/episode/88210/امي/الحلقة-45.html]
[ak.sv/episode/88197/امي/الحلقة-44.html]
[ak.sv/episode/88192/امي/الحلقة-43.html]
[ak.sv/episode/88184/امي/الحلقة-42.html]
[ak.sv/episode/88137/امي/الحلقة-41.html]
[ak.sv/episode/88130/امي/الحلقة-40.html]
[ak.sv/episode/88126/امي/الحلقة-39.html]
[ak.sv/episode/88118/امي/الحلقة-38.html]
[ak.sv/episode/88117/امي/الحلقة-37.html]
[ak.sv/episode/88103/امي/الحلقة-36.html]
[ak.sv/episode/88102/امي/الحلقة-35.html]
[ak.sv/episode/88101/امي/الحلقة-34.html]
[ak.sv/episode/88085/امي/الحلقة-33.html]
[ak.sv/episode/88084/امي/الحلقة-32.html]
[ak.sv/episode/88070/امي/الحلقة-31.html]
[ak.sv/episode/88069/امي/الحلقة-30.html]
[ak.sv/episode/88068/امي/الحلقة-29.html]
[ak.sv/episode/88058/امي/الحلقة-28.html]
[ak.sv/episode/88053/امي/الحلقة-27.html]
[ak.sv/episode/88049/امي/الحلقة-26.html]
[ak.sv/episode/88044/امي/الحلقة-25.html]
[ak.sv/episode/88038/امي/الحلقة-24.html]
[ak.sv/episode/88030/امي/الحلقة-23.html]
[ak.sv/episode/88028/امي/الحلقة-22.html]
[ak.sv/episode/88023/امي/الحلقة-21.html]
[ak.sv/episode/88022/امي/الحلقة-20.html]
[ak.sv/episode/88001/امي/الحلقة-19.html]
[ak.sv/episode/88000/امي/الحلقة-18.html]
[ak.sv/episode/87999/امي/الحلقة-17.html]
[ak.sv/episode/87998/امي/الحلقة-16.html]
[ak.sv/episode/87997/امي/الحلقة-15.html]
[ak.sv/episode/87996/امي/الحلقة-14.html]
[ak.sv/episode/87995/امي/الحلقة-13.html]
[ak.sv/episode/87994/امي/الحلقة-12.html]
[ak.sv/episode/87993/امي/الحلقة-11.html]
[ak.sv/episode/87992/امي/الحلقة-10.html]
[ak.sv/episode/87991/امي/الحلقة-9.html]
[ak.sv/episode/87990/امي/الحلقة-8.html]
[ak.sv/episode/87989/امي/الحلقة-7.html]
[ak.sv/episode/87988/امي/الحلقة-6.html]
[ak.sv/episode/87987/امي/الحلقة-5.html]
[ak.sv/episode/87986/امي/الحلقة-4.html]
[ak.sv/episode/87985/امي/الحلقة-3.html]
[ak.sv/episode/87984/امي/الحلقة-2.html]
[ak.sv/episode/87983/امي/الحلقة-1.html]
[ak.sv/series/1339/hkmsz-الموسم-الاول-2.html]
[ak.sv/series/210/the-sopranos-الموسم-السادس-1.html]
[ak.sv/series/2766/مغامرات-دورا-الموسم-الثالث.html]
[ak.sv/series/4430/yabani-الموسم-الاول.html]
[ak.sv/series/2271/الوالدان-السحريان-الموسم-الثامن.html]
[ak.sv/series/4779/البورد.html]
[ak.sv/series/305/killing-eve-الموسم-الثالث.html]
[ak.sv/series/715/norsemen-الموسم-الثالث.html]
[ak.sv/series/1040/family-guy-الموسم-التاسع-عشر-5.html]
[ak.sv/series/1213/marvel-s-616-الموسم-الاول.html]
[ak.sv/series/2982/ولاد-البلد-الموسم-الثالث.html]
[ak.sv/series/1719/الرحلة-الي-مكارم-الاخلاق.html]
[ak.sv/series/1592/one-punch-man-الموسم-الاول.html]
[ak.sv/series/4240/high-desert-الموسم-الاول.html]
[ak.sv/series/2563/افاتار-أسطورة-أنج-الموسم-الاول.html]
[ak.sv/series/3884/alert-الموسم-الاول.html]
[ak.sv/series/4905/فهد-البطل.html]
[ak.sv/series/1311/weeds-الموسم-الاول.html]
[ak.sv/series/2011/lucifer-الموسم-السادس.html]
[ak.sv/series/1657/بكار-الموسم-التاسع.html]
[ak.sv/series0dc8.html]
[ak.sv/series3116.html]
[ak.sv/series/4964/امي.html]
[ak.sv/person/491/محمود-عبد-المغني.html]
[ak.sv/person/3050/جمال-سليمان.html]
[ak.sv/person/428/صابرين.html]
[ak.sv/episode/88967/افراح-ابليس-3/الحلقة-13.html]
[ak.sv/episode/88953/افراح-ابليس-3/الحلقة-12.html]
[ak.sv/episode/88923/افراح-ابليس-3/الحلقة-11.html]
[ak.sv/episode/88922/افراح-ابليس-3/الحلقة-10.html]
[ak.sv/episode/88896/افراح-ابليس-3/الحلقة-9.html]
[ak.sv/episode/88893/افراح-ابليس-3/الحلقة-8.html]
[ak.sv/episode/88889/افراح-ابليس-3/الحلقة-7.html]
[ak.sv/episode/88871/افراح-ابليس-3/الحلقة-6.html]
[ak.sv/episode/88860/افراح-ابليس-3/الحلقة-5.html]
[ak.sv/episode/88844/افراح-ابليس-3/الحلقة-4.html]
[ak.sv/episode/88839/افراح-ابليس-3/الحلقة-3.html]
[ak.sv/episode/88838/افراح-ابليس-3/الحلقة-2.html]
[ak.sv/episode/88837/افراح-ابليس-3/الحلقة-1.html]
[ak.sv/series/1183/impulse-الموسم-الاول.html]
[ak.sv/series/1263/magnum-p-i-الموسم-الثالث.html]
[ak.sv/series/2546/run-the-burbs-الموسم-الاول.html]
[ak.sv/series/3300/eve-الموسم-الاول.html]
[ak.sv/series/1495/homeland-الموسم-الرابع.html]
[ak.sv/series/465/الحقيقة-1.html]
[ak.sv/series/4059/power-book-ii-ghost-الموسم-الثالث-6.html]
[ak.sv/series/1106/dummy-الموسم-الاول.html]
[ak.sv/series/2896/نقار-الخشب-وأصدقاءه-الموسم-الاول.html]
[ak.sv/series/4562/at-the-moment-الموسم-الاول.html]
[ak.sv/series/2063/foundation-الموسم-الاول.html]
[ak.sv/series/69/sherlock-الموسم-الاول.html]
[ak.sv/series/3290/كونغ-فو-باندا-الفارس-التنين-الموسم-الاول.html]
[ak.sv/series/2008/الجاسوسة-الراقصة-ماتا-هاري.html]
[ak.sv/series/3376/school-tales-the-series-الموسم-الاول.html]
[ak.sv/series/607/الادهم.html]
[ak.sv/series/1809/trese.html]
[ak.sv/series/1859/أولاد-الشوارع-الموسم-الاول.html]
[ak.sv/series/3265/ah-nerede-الموسم-الاول-1.html]
[ak.sv/series/592/suits-الموسم-الخامس.html]
[ak.sv/seriescc23.html]
[ak.sv/seriesf774.html]
[ak.sv/series/5032/افراح-ابليس-3.html]
[ak.sv/person/8207/احمد-خالد-صالح.html]
[ak.sv/person/21711/محمد-يونس.html]
[ak.sv/episode/88965/ما-تراه-ليس-كما-يبدو/الحلقة-8.html]
[ak.sv/episode/88954/ما-تراه-ليس-كما-يبدو/الحلقة-7.html]
[ak.sv/episode/88944/ما-تراه-ليس-كما-يبدو/الحلقة-6.html]
[ak.sv/episode/88898/ما-تراه-ليس-كما-يبدو/الحلقة-5.html]
[ak.sv/episode/88895/ما-تراه-ليس-كما-يبدو/الحلقة-4.html]
[ak.sv/episode/88892/ما-تراه-ليس-كما-يبدو/الحلقة-3.html]
[ak.sv/episode/88888/ما-تراه-ليس-كما-يبدو/الحلقة-2.html]
[ak.sv/episode/88881/ما-تراه-ليس-كما-يبدو/الحلقة-1.html]
[ak.sv/series/1360/pretend-it-s-a-city-الموسم-الاول.html]
[ak.sv/series/4448/american-horror-story-الموسم-الثاني-عشر.html]
[ak.sv/series/2321/the-simpsons-الموسم-الثامن-5.html]
[ak.sv/series/4486/pariah-nexus-الموسم-الاول.html]
[ak.sv/series/3293/country-queen-الموسم-الاول-1.html]
[ak.sv/series/196/band-of-brothers-الموسم-الاول.html]
[ak.sv/series/855/hoops-الموسم-الاول.html]
[ak.sv/series/1973/olum-zamani.html]
[ak.sv/series/2394/خالد-بن-الوليد-الموسم-الاول.html]
[ak.sv/series/3667/hayat-bugn-الموسم-الاول.html]
[ak.sv/series/4560/the-buccaneers-الموسم-الاول.html]
[ak.sv/series/4015/بونكيس-الموسم-الثاني.html]
[ak.sv/series/1740/برزخ.html]
[ak.sv/series/2249/dexter-new-blood-الموسم-التاسع.html]
[ak.sv/series/2775/baba-الموسم-الأول.html]
[ak.sv/series/3190/الثمانية-23.html]
[ak.sv/series/950/jurassic-world-camp-cretaceous-الموسم-الاول.html]
[ak.sv/series/565/yellowstone-الموسم-الثالث.html]
[ak.sv/series/2304/داني-الشبح-الموسم-الاول.html]
[ak.sv/series/1969/راجل-وست-ستات-الجزء-العاشر.html]
[ak.sv/seriesd8aa.html]
[ak.sv/seriesc6e6.html]
[ak.sv/series6034.html]
[ak.sv/series/5037/ما-تراه-ليس-كما-يبدو.html]
[ak.sv/person/5331/طوني-عيسى.html]
[ak.sv/person/2722/سعد-مينه.html]
[ak.sv/person/5865/نقولا-دانيال.html]
[ak.sv/person/11287/مجدي-مشموشي.html]
[ak.sv/person/2821/نانسي-خوري.html]
[ak.sv/person/8291/وسام-صباغ.html]
[ak.sv/person/6884/تقلا-شمعون.html]
[ak.sv/person/6885/مرام-علي.html]
[ak.sv/episode/88964/سلمى/الحلقة-6.html]
[ak.sv/episode/88959/سلمى/الحلقة-5.html]
[ak.sv/episode/88958/سلمى/الحلقة-4.html]
[ak.sv/episode/88957/سلمى/الحلقة-3.html]
[ak.sv/episode/88956/سلمى/الحلقة-2.html]
[ak.sv/episode/88955/سلمى/الحلقة-1.html]
[ak.sv/series/1133/the-good-doctor-الموسم-الرابع-9.html]
[ak.sv/series/3010/يحيى-وكنوز.html]
[ak.sv/series/443/the-100-الموسم-الثاني.html]
[ak.sv/series/118/dexter-الموسم-السابع.html]
[ak.sv/series/1078/grand-army-الموسم-الاول.html]
[ak.sv/series/3822/alice-in-borderland-الموسم-الثاني.html]
[ak.sv/series/1976/see-الموسم-الثاني.html]
[ak.sv/series/3579/young-sheldon-الموسم-السادس.html]
[ak.sv/series/3826/barbaros-hayreddin-sultanin-fermani-الموسم-الاول.html]
[ak.sv/series/1591/المنصة-الموسم-الثاني.html]
[ak.sv/series/2924/سنوات-الجريش-1.html]
[ak.sv/series/4787/constellation-الموسم-الاول.html]
[ak.sv/series/1664/داون-تاون.html]
[ak.sv/series/1455/قيامة-أرطغرل-الموسم-الثاني-19.html]
[ak.sv/series/4033/wrong-side-of-the-tracks-الموسم-الثاني.html]
[ak.sv/series/1007/oktoberfest-beer-blood-الموسم-الاول.html]
[ak.sv/series/3873/the-rig-الموسم-الاول.html]
[ak.sv/series/4428/bambaka-biri-الموسم-الاول-1.html]
[ak.sv/series/2432/close-enough-الموسم-الثاني.html]
[ak.sv/series/3762/الذئب-2039-الموسم-الأول.html]
[ak.sv/series645e.html]
[ak.sv/serieseb1c.html]
[ak.sv/series9765.html]
[ak.sv/series/5043/سلمى.html]
[ak.sv/person/3302/grace-van-patten.html]
[ak.sv/person/2260/sharon-horgan.html]
[ak.sv/person/2915/giuseppe-de-domenico.html]
[ak.sv/series/3120/candy-الموسم-الاول-2.html]
[ak.sv/series/1753/halston-الموسم-الاول.html]
[ak.sv/series/3541/أجوان-4.html]
[ak.sv/series/4061/agent-elvis-الموسم-الاول.html]
[ak.sv/series/4952/كامل-العدد-3.html]
[ak.sv/series/4211/العائلة-الموسم-الاول-5.html]
[ak.sv/series/4276/the-crowded-room-الموسم-الاول.html]
[ak.sv/series/784/dunkelstadt-الموسم-الاول.html]
[ak.sv/series/2365/light-the-night-الموسم-الاول.html]
[ak.sv/series/3257/بيوت-من-ورق-الموسم-الثالث.html]
[ak.sv/series/3831/wisting-الموسم-الاول.html]
[ak.sv/series/3592/lykkeland-الموسم-الاول.html]
[ak.sv/series/1338/الدايرة-4.html]
[ak.sv/series/4273/blood-curse-الموسم-الاول.html]
[ak.sv/series/4792/shogun-الموسم-الاول.html]
[ak.sv/series/485/الأخوة.html]
[ak.sv/series/2206/المشهد-الأخير-4.html]
[ak.sv/series/3650/holy-family-الموسم-الاول-1.html]
[ak.sv/series/688/ليالي-الحلمية-الموسم-الثالث-16.html]
[ak.sv/seriesa900.html]
[ak.sv/series0620.html]
[ak.sv/series991b.html]
[ak.sv/series/5045/the-twisted-tale-of-amanda-knox.html]
[ak.sv/series5c54.html]
[ak.sv/person/15529/eugenio-derbez.html]
[ak.sv/person/17488/enrique-arrizon.html]
[ak.sv/person/17743/chord-overstreet.html]
[ak.sv/series/4894/acapulco-الموسم-الثالث.html]
[ak.sv/series/3680/acapulco-الموسم-الثاني-2.html]
[ak.sv/series/2114/acapulco-الموسم-الاول.html]
[ak.sv/episode/88910/acapulco-الموسم-الرابع/الحلقة-5.html]
[ak.sv/episode/88848/acapulco-الموسم-الرابع/الحلقة-4.html]
[ak.sv/episode/88740/acapulco-الموسم-الرابع/الحلقة-3.html]
[ak.sv/episode/88572/acapulco-الموسم-الرابع/الحلقة-2.html]
[ak.sv/episode/88571/acapulco-الموسم-الرابع/الحلقة-1.html]
[ak.sv/series/4638/battle-through-the-heaven-الموسم-الاول.html]
[ak.sv/series/358/وكلينها-والعة-2.html]
[ak.sv/series/376/صحبة-الآيات.html]
[ak.sv/series/4880/kus-uusu-الموسم-الثالث.html]
[ak.sv/series/2856/بويراز-كارايل-الموسم-الثالث-1.html]
[ak.sv/series/733/3below-tales-of-arcadia-الموسم-الاول.html]
[ak.sv/series/2789/أسميتها-فريحة-الموسم-الاول.html]
[ak.sv/series/765/the-umbrella-academy-الموسم-الثاني-1.html]
[ak.sv/series/4595/زينهم-الموسم-الاول-2.html]
[ak.sv/series/202/hannibal-الموسم-الثاني.html]
[ak.sv/series/1612/bir-zamanlar-kibris-الموسم-الاول.html]
[ak.sv/series/2258/yellowstone-الموسم-الرابع.html]
[ak.sv/series/77/friends-الموسم-الثامن-1.html]
[ak.sv/series/3200/dark-winds-الموسم-الاول.html]
[ak.sv/series/2024/emanet-الموسم-الثاني.html]
[ak.sv/series/4369/fear-thy-roommate-الموسم-الاول.html]
[ak.sv/series/2369/kamikaze-الموسم-الاول.html]
[ak.sv/series/833/the-boss-baby-back-in-business-الموسم-الاول-مدبلج.html]
[ak.sv/series/4831/كوبرا.html]
[ak.sv/seriese7f8.html]
[ak.sv/series0f69.html]
[ak.sv/series/5012/acapulco-الموسم-الرابع.html]
[ak.sv/series4bfd.html]
[ak.sv/series872e.html]
[ak.sv/series55fa.html]
[ak.sv/person/16452/alex-lawther.html]
[ak.sv/person/261/essie-davis.html]
[ak.sv/episode/88912/alien-earth/الحلقة-2.html]
[ak.sv/episode/88911/alien-earth/الحلقة-1.html]
[ak.sv/series/4578/beacon-23-الموسم-الاول.html]
[ak.sv/series/1654/بكار-الموسم-السابع.html]
[ak.sv/series/4471/everything-now-الموسم-الاول.html]
[ak.sv/series/1906/العشق-الأسود-الموسم-الاول.html]
[ak.sv/series/1299/the-stand-الموسم-الاول.html]
[ak.sv/series/1794/feel-good-الموسم-الثاني.html]
[ak.sv/series/2771/disenchantment-الموسم-الرابع.html]
[ak.sv/series/1577/cypher-الموسم-الاول.html]
[ak.sv/series/3501/the-lrenskog-disappearance-الموسم-الاول.html]
[ak.sv/series/2496/everything-else-الموسم-الاول.html]
[ak.sv/series/2557/johnny-test-الموسم-الاول.html]
[ak.sv/series/576/person-of-interest-الموسم-الثالث.html]
[ak.sv/series/981/the-school-nurse-files-الموسم-الاول.html]
[ak.sv/series/4959/black-mirror-الموسم-السابع.html]
[ak.sv/series/653/ليالي-الحلمية-الموسم-الاول-2.html]
[ak.sv/series/797/how-to-get-away-with-murder-الموسم-الخامس-1.html]
[ak.sv/series/1463/مغامرات-بسبس-ببوت-الموسم-الاول.html]
[ak.sv/series/1220/downton-abbey-الموسم-الثاني.html]
[ak.sv/series/4524/master-peace.html]
[ak.sv/series3964.html]
[ak.sv/seriesf6b0.html]
[ak.sv/series88be.html]
[ak.sv/series/5039/alien-earth.html]
[ak.sv/seriescd26.html]
[ak.sv/episode/88968/الزوجة-الاخرى-مدبلج/الحلقة-3.html]
[ak.sv/episode/88963/الزوجة-الاخرى-مدبلج/الحلقة-2.html]
[ak.sv/episode/88961/الزوجة-الاخرى-مدبلج/الحلقة-1.html]
[ak.sv/series/767/shingeki-no-kyojin-الموسم-الثاتي.html]
[ak.sv/series/3430/see-الموسم-الثالث-1.html]
[ak.sv/series/3859/the-lying-life-of-adults-الموسم-الاول.html]
[ak.sv/series/1999/الوضع-مستقر-7.html]
[ak.sv/series/217/gretmen-2.html]
[ak.sv/series/2386/بتوقيت-مكة-1.html]
[ak.sv/series/4635/untameable-الموسم-الاول.html]
[ak.sv/series/4607/faraway-downs-الموسم-الاول-1.html]
[ak.sv/series/1195/عودة-الطفل-الزعيم-الموسم-الاول.html]
[ak.sv/series/3682/أوني-حكاية-إلهة-الرعد-الموسم-الاول.html]
[ak.sv/series/396/billions-الموسم-الخامس-1.html]
[ak.sv/series/2485/الجمال-الحقيقي-الموسم-الاول.html]
[ak.sv/series/2148/the-promised-neverland-الموسم-الثاني.html]
[ak.sv/series/4281/maviye-srgn-الموسم-الاول-1.html]
[ak.sv/series/2488/fast-furious-spy-racers-الموسم-السادس.html]
[ak.sv/series/3492/ليث-و-نورا.html]
[ak.sv/series/3423/lost-ollie-الموسم-الاول.html]
[ak.sv/series/2752/ظاظا-وجرجير-الموسم-الخامس.html]
[ak.sv/series/1374/سحر-موتاون-الموسم-الاول.html]
[ak.sv/seriese037.html]
[ak.sv/series28e7.html]
[ak.sv/seriesb1d4.html]
[ak.sv/series5c8a.html]
[ak.sv/series/5044/الزوجة-الاخرى-مدبلج.html]
[ak.sv/series6f71.html]
[ak.sv/person/19998/buse-meral.html]
[ak.sv/person/19999/fatih-al.html]
[ak.sv/person/17868/vildan-atasever.html]
[ak.sv/episode/88969/السعادة-العائلية/الحلقة-10.html]
[ak.sv/episode/88826/السعادة-العائلية/الحلقة-7.html]
[ak.sv/episode/88825/السعادة-العائلية/الحلقة-6.html]
[ak.sv/episode/88824/السعادة-العائلية/الحلقة-5.html]
[ak.sv/episode/88823/السعادة-العائلية/الحلقة-4.html]
[ak.sv/episode/88822/السعادة-العائلية/الحلقة-3.html]
[ak.sv/episode/88821/السعادة-العائلية/الحلقة-2.html]
[ak.sv/episode/88820/السعادة-العائلية/الحلقة-1.html]
[ak.sv/series/2526/bulgasal-immortal-souls-الموسم-الاول.html]
[ak.sv/series/2995/باب-الحارة-الموسم-الثاني-عشر.html]
[ak.sv/series/2422/perfect-life-الموسم-الاول.html]
[ak.sv/series/679/the-deep-الموسم-الاول-مدبلج.html]
[ak.sv/series/4412/gamera-rebirth-الموسم-الاول.html]
[ak.sv/series/489/13reasons-why-الموسم-الاول.html]
[ak.sv/series/1830/evil-الموسم-الثاني.html]
[ak.sv/series/580/goblin.html]
[ak.sv/series/2143/سوق-العصر.html]
[ak.sv/series/4770/حدوتة-منسية-الموسم-الاول.html]
[ak.sv/series/1216/revenge-الموسم-الثاني.html]
[ak.sv/series/2724/جميل-جدا.html]
[ak.sv/series/3957/colin-from-accounts-الموسم-الاول-1.html]
[ak.sv/series/3968/spirit-of-winter-الموسم-الاول-1.html]
[ak.sv/series/3955/departure-الموسم-الثالث.html]
[ak.sv/series/555/سرايا-عابدين-الموسم-الثاني-2.html]
[ak.sv/series/508/intelligence-الموسم-الاول.html]
[ak.sv/series/2631/family-guy-الموسم-الرابع-عشر-4.html]
[ak.sv/series/1781/ragnarok-الموسم-الثاني.html]
[ak.sv/series5d78.html]
[ak.sv/series0c71.html]
[ak.sv/seriesa6bc.html]
[ak.sv/series/5031/السعادة-العائلية.html]
[ak.sv/series84e2.html]
[ak.sv/series811b.html]
[ak.sv/series5dda.html]
[ak.sv/person/4605/mayumi-tanaka.html]
[ak.sv/person/4606/akemi-okamura.html]
[ak.sv/person/4607/kappei-yamaguchi.html]
[ak.sv/person/4608/tony-beck.html]
[ak.sv/episode/88962/one-piece/الحلقة-1140.html]
[ak.sv/episode/88890/one-piece/الحلقة-1139.html]
[ak.sv/episode/88829/one-piece/الحلقة-1138.html]
[ak.sv/episode/88720/one-piece/الحلقة-1137.html]
[ak.sv/episode/88719/one-piece/الحلقة-1136.html]
[ak.sv/episode/88718/one-piece/الحلقة-1135.html]
[ak.sv/episode/88716/one-piece/الحلقة-1133.html]
[ak.sv/episode/88717/one-piece/الحلقة-1134.html]
[ak.sv/episode/88715/one-piece/الحلقة-1133.html]
[ak.sv/episode/88714/one-piece/الحلقة-1132.html]
[ak.sv/episode/88713/one-piece/الحلقة-1131.html]
[ak.sv/episode/88712/one-piece/الحلقة-1130.html]
[ak.sv/episode/88710/one-piece/الحلقة-1128.html]
[ak.sv/episode/88711/one-piece/الحلقة-1129.html]
[ak.sv/episode/88709/one-piece/الحلقة-1128.html]
[ak.sv/episode/88708/one-piece/الحلقة-1127.html]
[ak.sv/episode/88707/one-piece/الحلقة-1126.html]
[ak.sv/episode/88706/one-piece/الحلقة-1125.html]
[ak.sv/episode/88704/one-piece/الحلقة-1123.html]
[ak.sv/episode/88703/one-piece/الحلقة-1123.html]
[ak.sv/episode/88702/one-piece/الحلقة-1122.html]
[ak.sv/episode/88700/one-piece/الحلقة-1120.html]
[ak.sv/episode/88701/one-piece/الحلقة-1121.html]
[ak.sv/episode/88699/one-piece/الحلقة-1120.html]
[ak.sv/episode/88698/one-piece/الحلقة-1119.html]
[ak.sv/episode/88697/one-piece/الحلقة-1118.html]
[ak.sv/episode/88696/one-piece/الحلقة-1117.html]
[ak.sv/episode/88695/one-piece/الحلقة-1116.html]
[ak.sv/episode/88694/one-piece/الحلقة-1115.html]
[ak.sv/episode/88693/one-piece/الحلقة-1114.html]
[ak.sv/episode/88692/one-piece/الحلقة-1113.html]
[ak.sv/episode/88691/one-piece/الحلقة-1112.html]
[ak.sv/episode/88690/one-piece/الحلقة-1111.html]
[ak.sv/episode/88689/one-piece/الحلقة-1110.html]
[ak.sv/episode/88687/one-piece/الحلقة-1108.html]
[ak.sv/episode/88688/one-piece/الحلقة-1109.html]
[ak.sv/episode/88686/one-piece/الحلقة-1108.html]
[ak.sv/episode/88685/one-piece/الحلقة-1107.html]
[ak.sv/episode/88684/one-piece/الحلقة-1106.html]
[ak.sv/episode/88683/one-piece/الحلقة-1105.html]
[ak.sv/episode/88682/one-piece/الحلقة-1104.html]
[ak.sv/episode/86958/one-piece/الحلقة-1103.html]
[ak.sv/episode/86874/one-piece/الحلقة-1102.html]
[ak.sv/episode/86741/one-piece/الحلقة-1101.html]
[ak.sv/episode/86452/one-piece/الحلقة-1100.html]
[ak.sv/episode/86033/one-piece/الحلقة-1099.html]
[ak.sv/episode/85860/one-piece/الحلقة-1098.html]
[ak.sv/episode/85434/one-piece/الحلقة-1097.html]
[ak.sv/episode/85020/one-piece/الحلقة-1096.html]
[ak.sv/episode/84908/one-piece/الحلقة-1095.html]
[ak.sv/episode/84820/one-piece/الحلقة-1094.html]
[ak.sv/episode/84767/one-piece/الحلقة-1093.html]
[ak.sv/episode/84597/one-piece/الحلقة-1092.html]
[ak.sv/episode/84596/one-piece/الحلقة-1091.html]
[ak.sv/episode/84595/one-piece/الحلقة-1090.html]
[ak.sv/episode/83361/one-piece/الحلقة-1088.html]
[ak.sv/episode/83737/one-piece/الحلقة-1089.html]
[ak.sv/episode/83110/one-piece/الحلقة-1088.html]
[ak.sv/episode/82912/one-piece/الحلقة-1087.html]
[ak.sv/episode/82732/one-piece/الحلقة-1086.html]
[ak.sv/episode/82457/one-piece/الحلقة-1085.html]
[ak.sv/episode/82265/one-piece/الحلقة-1084.html]
[ak.sv/episode/82264/one-piece/الحلقة-1083.html]
[ak.sv/episode/81796/one-piece/الحلقة-1082.html]
[ak.sv/episode/81795/one-piece/الحلقة-1081.html]
[ak.sv/episode/81794/one-piece/الحلقة-1080.html]
[ak.sv/episode/81793/one-piece/الحلقة-1079.html]
[ak.sv/episode/80932/one-piece/الحلقة-1078.html]
[ak.sv/episode/80795/one-piece/الحلقة-1077.html]
[ak.sv/episode/80636/one-piece/الحلقة-1076.html]
[ak.sv/episode/80387/one-piece/الحلقة-1075.html]
[ak.sv/episode/80104/one-piece/الحلقة-1074.html]
[ak.sv/episode/79851/one-piece/الحلقة-1073.html]
[ak.sv/episode/79745/one-piece/الحلقة-1072.html]
[ak.sv/episode/79634/one-piece/الحلقة-1071.html]
[ak.sv/episode/79510/one-piece/الحلقة-1070.html]
[ak.sv/episode/79187/one-piece/الحلقة-1069.html]
[ak.sv/episode/79000/one-piece/الحلقة-1068.html]
[ak.sv/episode/78860/one-piece/الحلقة-1067.html]
[ak.sv/episode/78737/one-piece/الحلقة-1066.html]
[ak.sv/episode/78458/one-piece/الحلقة-1065.html]
[ak.sv/episode/78275/one-piece/الحلقة-1064.html]
[ak.sv/episode/78075/one-piece/الحلقة-1063.html]
[ak.sv/episode/77868/one-piece/الحلقة-1062.html]
[ak.sv/episode/77444/one-piece/الحلقة-1061.html]
[ak.sv/episode/77215/one-piece/الحلقة-1060.html]
[ak.sv/episode/76983/one-piece/الحلقة-1059.html]
[ak.sv/episode/76532/one-piece/الحلقة-1058.html]
[ak.sv/episode/75911/one-piece/الحلقة-1057.html]
[ak.sv/episode/75302/one-piece/الحلقة-1056.html]
[ak.sv/episode/74666/one-piece/الحلقة-1055.html]
[ak.sv/episode/74159/one-piece/الحلقة-1054.html]
[ak.sv/episode/73459/one-piece/الحلقة-1053.html]
[ak.sv/episode/73215/one-piece/الحلقة-1052.html]
[ak.sv/episode/72939/one-piece/الحلقة-1051.html]
[ak.sv/episode/72626/one-piece/الحلقة-1050.html]
[ak.sv/episode/72381/one-piece/الحلقة-1049.html]
[ak.sv/episode/72120/one-piece/الحلقة-1048.html]
[ak.sv/episode/71826/one-piece/الحلقة-1047.html]
[ak.sv/episode/71495/one-piece/الحلقة-1046.html]
[ak.sv/episode/70628/one-piece/الحلقة-1045.html]
[ak.sv/episode/70358/one-piece/الحلقة-1044.html]
[ak.sv/episode/69995/one-piece/الحلقة-1043.html]
[ak.sv/episode/69661/one-piece/الحلقة-1042.html]
[ak.sv/episode/69391/one-piece/الحلقة-1041.html]
[ak.sv/episode/69035/one-piece/الحلقة-1040.html]
[ak.sv/episode/68698/one-piece/الحلقة-1039.html]
[ak.sv/episode/68337/one-piece/الحلقة-1038.html]
[ak.sv/episode/67886/one-piece/الحلقة-1037.html]
[ak.sv/episode/67478/one-piece/الحلقة-1036.html]
[ak.sv/episode/66727/one-piece/الحلقة-1035.html]
[ak.sv/episode/67240/one-piece/الحلقة-1035.html]
[ak.sv/episode/66414/one-piece/الحلقة-1034.html]
[ak.sv/episode/66095/one-piece/الحلقة-1033.html]
[ak.sv/episode/65722/one-piece/الحلقة-1032.html]
[ak.sv/episode/65425/one-piece/الحلقة-1031.html]
[ak.sv/episode/64867/one-piece/الحلقة-1030.html]
[ak.sv/episode/65187/one-piece/الحلقة-1030.html]
[ak.sv/episode/64527/one-piece/الحلقة-1029.html]
[ak.sv/episode/64215/one-piece/الحلقة-1028.html]
[ak.sv/episode/63944/one-piece/الحلقة-1027.html]
[ak.sv/episode/63532/one-piece/الحلقة-1026.html]
[ak.sv/episode/63161/one-piece/الحلقة-1025.html]
[ak.sv/episode/62821/one-piece/الحلقة-1024.html]
[ak.sv/episode/62543/one-piece/الحلقة-1023.html]
[ak.sv/episode/61701/one-piece/الحلقة-1022.html]
[ak.sv/episode/62183/one-piece/الحلقة-1022.html]
[ak.sv/episode/61370/one-piece/الحلقة-1021.html]
[ak.sv/episode/61061/one-piece/الحلقة-1020.html]
[ak.sv/episode/60677/one-piece/الحلقة-1019.html]
[ak.sv/episode/60380/one-piece/الحلقة-1018.html]
[ak.sv/episode/59911/one-piece/الحلقة-1017.html]
[ak.sv/episode/59575/one-piece/الحلقة-1016.html]
[ak.sv/episode/58642/one-piece/الحلقة-1015.html]
[ak.sv/episode/59308/one-piece/الحلقة-1015.html]
[ak.sv/episode/57925/one-piece/الحلقة-1014.html]
[ak.sv/episode/52687/one-piece/الحلقة-1013.html]
[ak.sv/episode/52041/one-piece/الحلقة-1012.html]
[ak.sv/episode/51278/one-piece/الحلقة-1011.html]
[ak.sv/episode/50217/one-piece/الحلقة-1010.html]
[ak.sv/episode/48953/one-piece/الحلقة-1009.html]
[ak.sv/episode/48467/one-piece/الحلقة-1008.html]
[ak.sv/episode/47782/one-piece/الحلقة-1007.html]
[ak.sv/episode/46642/one-piece/الحلقة-1006.html]
[ak.sv/episode/45651/one-piece/الحلقة-1005.html]
[ak.sv/episode/43974/one-piece/الحلقة-1004.html]
[ak.sv/episode/44636/one-piece/الحلقة-1004.html]
[ak.sv/episode/43223/one-piece/الحلقة-1003.html]
[ak.sv/episode/42182/one-piece/الحلقة-1002.html]
[ak.sv/episode/41571/one-piece/الحلقة-1001.html]
[ak.sv/episode/40929/one-piece/الحلقة-1000.html]
[ak.sv/episode/39814/one-piece/الحلقة-999.html]
[ak.sv/episode/39181/one-piece/الحلقة-998.html]
[ak.sv/episode/38827/one-piece/الحلقة-997.html]
[ak.sv/episode/38443/one-piece/الحلقة-996.html]
[ak.sv/episode/36773/one-piece/الحلقة-995.html]
[ak.sv/episode/36326/one-piece/الحلقة-994.html]
[ak.sv/episode/35988/one-piece/الحلقة-993.html]
[ak.sv/episode/35659/one-piece/الحلقة-992.html]
[ak.sv/episode/35398/one-piece/الحلقة-991.html]
[ak.sv/episode/35118/one-piece/الحلقة-990.html]
[ak.sv/episode/34775/one-piece/الحلقة-989.html]
[ak.sv/episode/34466/one-piece/الحلقة-988.html]
[ak.sv/episode/34077/one-piece/الحلقة-987.html]
[ak.sv/episode/33697/one-piece/الحلقة-986.html]
[ak.sv/episode/33520/one-piece/الحلقة-985.html]
[ak.sv/episode/33374/one-piece/الحلقة-984.html]
[ak.sv/episode/33245/one-piece/الحلقة-983.html]
[ak.sv/episode/32934/one-piece/الحلقة-982.html]
[ak.sv/episode/32738/one-piece/الحلقة-981.html]
[ak.sv/episode/32583/one-piece/الحلقة-980.html]
[ak.sv/episode/32407/one-piece/الحلقة-979.html]
[ak.sv/episode/32203/one-piece/الحلقة-978.html]
[ak.sv/episode/31971/one-piece/الحلقة-977.html]
[ak.sv/episode/31712/one-piece/الحلقة-976.html]
[ak.sv/episode/31454/one-piece/الحلقة-975.html]
[ak.sv/episode/31207/one-piece/الحلقة-974.html]
[ak.sv/episode/30716/one-piece/الحلقة-973.html]
[ak.sv/episode/29985/one-piece/الحلقة-972.html]
[ak.sv/episode/29288/one-piece/الحلقة-971.html]
[ak.sv/episode/28540/one-piece/الحلقة-970.html]
[ak.sv/episode/27733/one-piece/الحلقة-969.html]
[ak.sv/episode/27136/one-piece/الحلقة-968.html]
[ak.sv/episode/26740/one-piece/الحلقة-967.html]
[ak.sv/episode/26518/one-piece/الحلقة-966.html]
[ak.sv/episode/25950/one-piece/الحلقة-965.html]
[ak.sv/episode/25523/one-piece/الحلقة-964.html]
[ak.sv/episode/25035/one-piece/الحلقة-963.html]
[ak.sv/episode/24485/one-piece/الحلقة-962.html]
[ak.sv/episode/23777/one-piece/الحلقة-961.html]
[ak.sv/episode/23226/one-piece/الحلقة-960.html]
[ak.sv/episode/22990/one-piece/الحلقة-959.html]
[ak.sv/episode/22572/one-piece/الحلقة-958.html]
[ak.sv/episode/22196/one-piece/الحلقة-957.html]
[ak.sv/episode/21458/one-piece/الحلقة-956.html]
[ak.sv/episode/21117/one-piece/الحلقة-955.html]
[ak.sv/episode/20669/one-piece/الحلقة-954.html]
[ak.sv/episode/20272/one-piece/الحلقة-953.html]
[ak.sv/episode/19674/one-piece/الحلقة-952.html]
[ak.sv/episode/19115/one-piece/الحلقة-951.html]
[ak.sv/episode/18618/one-piece/الحلقة-950.html]
[ak.sv/episode/18056/one-piece/الحلقة-949.html]
[ak.sv/episode/17733/one-piece/الحلقة-948.html]
[ak.sv/episode/17358/one-piece/الحلقة-947.html]
[ak.sv/episode/17108/one-piece/الحلقة-946.html]
[ak.sv/episode/16476/one-piece/الحلقة-945.html]
[ak.sv/episode/16032/one-piece/الحلقة-944.html]
[ak.sv/episode/15616/one-piece/الحلقة-943.html]
[ak.sv/episode/15288/one-piece/الحلقة-942.html]
[ak.sv/episode/14990/one-piece/الحلقة-941.html]
[ak.sv/episode/14756/one-piece/الحلقة-940.html]
[ak.sv/episode/14439/one-piece/الحلقة-939.html]
[ak.sv/episode/13872/one-piece/الحلقة-938.html]
[ak.sv/episode/13527/one-piece/الحلقة-937.html]
[ak.sv/episode/12988/one-piece/الحلقة-936.html]
[ak.sv/episode/12504/one-piece/الحلقة-935.html]
[ak.sv/episode/11851/one-piece/الحلقة-934.html]
[ak.sv/episode/11075/one-piece/الحلقة-933.html]
[ak.sv/episode/10226/one-piece/الحلقة-932.html]
[ak.sv/episode/9493/one-piece/الحلقة-931.html]
[ak.sv/episode/8985/one-piece/الحلقة-930.html]
[ak.sv/episode/88705/one-piece/الحلقة-124.html]
[ak.sv/series/1559/dealer-الموسم-الاول.html]
[ak.sv/series/2756/حسن-ونور-السنا.html]
[ak.sv/series/1918/adm-ba-kafe.html]
[ak.sv/series/1791/ملوك-الطوائف.html]
[ak.sv/series/142/the-office-الموسم-الرابع-8.html]
[ak.sv/series/231/stranger-things-الموسم-الثاني.html]
[ak.sv/series/4463/كابتن-تسوباسا-الموسم-الثاني.html]
[ak.sv/series/927/القشرة-الذهبية.html]
[ak.sv/series/3521/alparslan-byk-seluklu-الموسم-الثاني.html]
[ak.sv/series/4090/جميلة.html]
[ak.sv/series/4415/يوميات-عيلة-كواك.html]
[ak.sv/series/781/the-dragon-prince-الموسم-الثاني-مدبلج.html]
[ak.sv/series/3038/ألم-مستمر-16.html]
[ak.sv/series/2960/سلمات-أبو-البنات-الموسم-الرابع.html]
[ak.sv/series/3789/our-only-chance-الموسم-الاول.html]
[ak.sv/series/400/dead-to-me-الموسم-الثاني.html]
[ak.sv/series/255/الثنائي-العظيم-الموسم-الاول-6.html]
[ak.sv/series/966/من-الآخر.html]
[ak.sv/series/1423/قيامة-أرطغرل-الموسم-الاول-18.html]
[ak.sv/series1272.html]
[ak.sv/series90b1.html]
[ak.sv/series7842.html]
[ak.sv/series/583/one-piece-2.html]
[ak.sv/person/5166/ben-barnes.html]
[ak.sv/person/8199/mary-louise-parker.html]
[ak.sv/person/7791/julian-richings.html]
[ak.sv/episode/88960/the-institute/الحلقة-7.html]
[ak.sv/episode/88886/the-institute/الحلقة-6.html]
[ak.sv/episode/88840/the-institute/الحلقة-5.html]
[ak.sv/episode/88725/the-institute/الحلقة-4.html]
[ak.sv/episode/88515/the-institute/الحلقة-3.html]
[ak.sv/episode/88403/the-institute/الحلقة-2.html]
[ak.sv/episode/88402/the-institute/الحلقة-1.html]
[ak.sv/series/775/الملك-فاروق.html]
[ak.sv/series/2628/family-guy-الموسم-الحادي-عشر-5.html]
[ak.sv/series/2801/all-american-homecoming-الموسم-الاول-8.html]
[ak.sv/series/3301/ملوك-الكازاخ-السيف-الماسي.html]
[ak.sv/series/1408/الضوء-الشارد.html]
[ak.sv/series/4793/red-queen-الموسم-الاول.html]
[ak.sv/series/2275/more-than-blue-the-series-الموسم-الاول.html]
[ak.sv/series/644/chico-bon-bon-monkey-with-a-tool-belt-الموسم-الاول.html]
[ak.sv/series/1584/city-on-a-hill-الموسم-الثاني.html]
[ak.sv/series/2419/the-simpsons-الموسم-الخامس-عشر-11.html]
[ak.sv/series/4087/جت-سليمة-3.html]
[ak.sv/series/1533/كابتن-تسوباسا-الموسم-الاول-21.html]
[ak.sv/series/1790/ربيع-قرطبة.html]
[ak.sv/series/3725/gzel-gnler-الموسم-الاول-1.html]
[ak.sv/series/3616/the-midnight-club-الموسم-الاول.html]
[ak.sv/series/111/peaky-blinders-الموسم-الخامس.html]
[ak.sv/series/822/الدوقة.html]
[ak.sv/series/1547/منصور-الموسم-الثاني.html]
[ak.sv/series/2592/هروب.html]
[ak.sv/series630a.html]
[ak.sv/series9ec1.html]
[ak.sv/series5456.html]
[ak.sv/series/4996/the-institute.html]
[ak.sv/series3b08.html]
[ak.sv/person/2572/seung-ryong-ryu.html]
[ak.sv/person/20946/yang-se-jong.html]
[ak.sv/person/15377/kim-eui-sung.html]
[ak.sv/episode/88951/low-life/الحلقة-11.html]
[ak.sv/episode/88950/low-life/الحلقة-10.html]
[ak.sv/episode/88879/low-life/الحلقة-9.html]
[ak.sv/episode/88878/low-life/الحلقة-8.html]
[ak.sv/episode/88809/low-life/الحلقة-7.html]
[ak.sv/episode/88808/low-life/الحلقة-6.html]
[ak.sv/episode/88599/low-life/الحلقة-5.html]
[ak.sv/episode/88598/low-life/الحلقة-4.html]
[ak.sv/episode/88461/low-life/الحلقة-3.html]
[ak.sv/episode/88460/low-life/الحلقة-2.html]
[ak.sv/episode/88459/low-life/الحلقة-1.html]
[ak.sv/series/1469/قيامة-أرطغرل-الموسم-الثالث-17.html]
[ak.sv/series/3019/نشميات-من-البادية-37.html]
[ak.sv/series/4282/yardimci-oyuncu-الموسم-الاول.html]
[ak.sv/series/4975/fubar-الموسم-الثاني.html]
[ak.sv/series/2181/hightown-الموسم-الاول-1.html]
[ak.sv/series/923/ابنة-السفير-الموسم-الثاني.html]
[ak.sv/series/4810/سر-إلهي.html]
[ak.sv/series/3012/فتح-الأندلس.html]
[ak.sv/series/3404/kleo-الموسم-الاول.html]
[ak.sv/series/3560/الخائن-الموسم-الثاني.html]
[ak.sv/series/4750/hazbin-hotel-الموسم-الاول.html]
[ak.sv/series/2620/archive-81-الموسم-الاول.html]
[ak.sv/series/1687/عدنان-ولينا-الموسم-الاول.html]
[ak.sv/series/3253/كريمة-كريمة.html]
[ak.sv/series/2387/فارس-وفادي-الموسم-الاول.html]
[ak.sv/series/1149/his-dark-materials-الموسم-الثاني.html]
[ak.sv/series/3051/اللغز.html]
[ak.sv/series/4999/countdown-مدبلج.html]
[ak.sv/series/3776/the-reunion-الموسم-الاول.html]
[ak.sv/series7a3a.html]
[ak.sv/series0d8d.html]
[ak.sv/seriesb86d.html]
[ak.sv/series/5003/low-life.html]
[ak.sv/person/10419/harriet-slater.html]
[ak.sv/person/16302/jamie-roy.html]
[ak.sv/person/13769/jeremy-irvine.html]
[ak.sv/person/16205/tony-curran.html]
[ak.sv/episode/88949/outlander-blood-of-my-blood/الحلقة-3.html]
[ak.sv/episode/88884/outlander-blood-of-my-blood/الحلقة-2.html]
[ak.sv/episode/88883/outlander-blood-of-my-blood/الحلقة-1.html]
[ak.sv/series/1936/السريع-والغاضب-متسابقو-الاستطلاع-الموسم-الرابع.html]
[ak.sv/series/1893/ted-lasso-الموسم-الثاني-1.html]
[ak.sv/series/4210/ملح-وسمرة-7.html]
[ak.sv/series/3613/chucky-الموسم-الثاني.html]
[ak.sv/series/2162/ريا-وسكينة-3.html]
[ak.sv/series/1710/الديك-الأزرق-30.html]
[ak.sv/series/2289/تكي-الموسم-الاول.html]
[ak.sv/series/162/supernatural-الموسم-الخامس.html]
[ak.sv/series/3992/ليلة-ربيع.html]
[ak.sv/series/4221/silo-الموسم-الاول-1.html]
[ak.sv/series/2144/death-note-الموسم-الاول.html]
[ak.sv/series/416/inhuman-resources-الموسم-الاول.html]
[ak.sv/series/2259/alparslan-byk-seluklu-الموسم-الاول.html]
[ak.sv/series/4392/ahsoka-الموسم-الاول-6.html]
[ak.sv/series/4026/bel-air-الموسم-الثاني-6.html]
[ak.sv/series/1264/ضحايا-حلال-الموسم-الاول-2.html]
[ak.sv/series/1160/trash-truck-الموسم-الاول.html]
[ak.sv/series/3782/خط-أحمر.html]
[ak.sv/seriesb4b6.html]
[ak.sv/seriese88f.html]
[ak.sv/series53dd.html]
[ak.sv/series/5038/outlander-blood-of-my-blood.html]
[ak.sv/episode/88948/الزوجة-الاخري/الحلقة-40.html]
[ak.sv/episode/88947/الزوجة-الاخري/الحلقة-39.html]
[ak.sv/episode/88920/الزوجة-الاخري/الحلقة-38.html]
[ak.sv/episode/88919/الزوجة-الاخري/الحلقة-37.html]
[ak.sv/episode/88918/الزوجة-الاخري/الحلقة-36.html]
[ak.sv/episode/88917/الزوجة-الاخري/الحلقة-35.html]
[ak.sv/episode/88916/الزوجة-الاخري/الحلقة-34.html]
[ak.sv/episode/88868/الزوجة-الاخري/الحلقة-33.html]
[ak.sv/episode/88867/الزوجة-الاخري/الحلقة-32.html]
[ak.sv/episode/88834/الزوجة-الاخري/الحلقة-31.html]
[ak.sv/episode/88833/الزوجة-الاخري/الحلقة-30.html]
[ak.sv/episode/88832/الزوجة-الاخري/الحلقة-29.html]
[ak.sv/episode/88831/الزوجة-الاخري/الحلقة-28.html]
[ak.sv/episode/88830/الزوجة-الاخري/الحلقة-27.html]
[ak.sv/episode/88680/الزوجة-الاخري/الحلقة-26.html]
[ak.sv/episode/88679/الزوجة-الاخري/الحلقة-25.html]
[ak.sv/episode/88678/الزوجة-الاخري/الحلقة-24.html]
[ak.sv/episode/88610/الزوجة-الاخري/الحلقة-23.html]
[ak.sv/episode/88561/الزوجة-الاخري/الحلقة-22.html]
[ak.sv/episode/88514/الزوجة-الاخري/الحلقة-21.html]
[ak.sv/episode/88510/الزوجة-الاخري/الحلقة-20.html]
[ak.sv/episode/88509/الزوجة-الاخري/الحلقة-19.html]
[ak.sv/episode/88508/الزوجة-الاخري/الحلقة-18.html]
[ak.sv/episode/88458/الزوجة-الاخري/الحلقة-17.html]
[ak.sv/episode/88457/الزوجة-الاخري/الحلقة-16.html]
[ak.sv/episode/88456/الزوجة-الاخري/الحلقة-15.html]
[ak.sv/episode/88455/الزوجة-الاخري/الحلقة-14.html]
[ak.sv/episode/88454/الزوجة-الاخري/الحلقة-13.html]
[ak.sv/episode/88453/الزوجة-الاخري/الحلقة-12.html]
[ak.sv/episode/88452/الزوجة-الاخري/الحلقة-11.html]
[ak.sv/episode/88451/الزوجة-الاخري/الحلقة-10.html]
[ak.sv/episode/88450/الزوجة-الاخري/الحلقة-9.html]
[ak.sv/episode/88449/الزوجة-الاخري/الحلقة-8.html]
[ak.sv/episode/88448/الزوجة-الاخري/الحلقة-7.html]
[ak.sv/episode/88447/الزوجة-الاخري/الحلقة-6.html]
[ak.sv/episode/88446/الزوجة-الاخري/الحلقة-5.html]
[ak.sv/episode/88445/الزوجة-الاخري/الحلقة-4.html]
[ak.sv/episode/88444/الزوجة-الاخري/الحلقة-3.html]
[ak.sv/episode/88443/الزوجة-الاخري/الحلقة-2.html]
[ak.sv/episode/88442/الزوجة-الاخري/الحلقة-1.html]
[ak.sv/series/4249/the-clearing-الموسم-الاول.html]
[ak.sv/series/4664/dr-death-الموسم-الثاني.html]
[ak.sv/series/641/the-mentalist-الموسم-السابع.html]
[ak.sv/series/5019/trigger.html]
[ak.sv/series/4175/beef-الموسم-الاول.html]
[ak.sv/series/4190/blindspotting-الموسم-الثاني-1.html]
[ak.sv/series/1784/صقر-قريش.html]
[ak.sv/series/3115/سندس-11.html]
[ak.sv/series/3508/mahkum-الموسم-الثاني.html]
[ak.sv/series/1997/إلا-أنا-الموسم-الثاني-4.html]
[ak.sv/series/886/يوميات-ونيس-الموسم-الثالث-19.html]
[ak.sv/series/3857/star-wars-the-bad-batch-الموسم-الثاني-1.html]
[ak.sv/series/2652/بارني-والأصدقاء-الموسم-الثاني-عشر.html]
[ak.sv/series/3072/the-garcias-الموسم-الاول-1.html]
[ak.sv/series/461/24-الموسم-الاول-2.html]
[ak.sv/series/1440/hache-الموسم-الاول.html]
[ak.sv/series/4594/the-railway-men-the-untold-story-of-bhopal-1984-الموسم-الاول.html]
[ak.sv/series/862/دانتيل-4.html]
[ak.sv/series/2130/ukur-الجزء-الثالث.html]
[ak.sv/series9b99.html]
[ak.sv/series7ddd.html]
[ak.sv/series1612.html]
[ak.sv/seriesd967.html]
[ak.sv/series/5002/الزوجة-الاخري.html]
[ak.sv/person/12075/anson-mount.html]
[ak.sv/person/19961/ethan-peck.html]
[ak.sv/person/19962/christina-chong.html]
[ak.sv/person/19960/melissa-navia.html]
[ak.sv/series/4288/star-trek-strange-new-worlds-الموسم-الثاني.html]
[ak.sv/series/3105/star-trek-strange-new-worlds-الموسم-الاول.html]
[ak.sv/episode/88946/star-trek-strange-new-worlds-الموسم-الثالث/الحلقة-6.html]
[ak.sv/episode/88864/star-trek-strange-new-worlds-الموسم-الثالث/الحلقة-5.html]
[ak.sv/episode/88788/star-trek-strange-new-worlds-الموسم-الثالث/الحلقة-4.html]
[ak.sv/episode/88620/star-trek-strange-new-worlds-الموسم-الثالث/الحلقة-3.html]
[ak.sv/episode/88489/star-trek-strange-new-worlds-الموسم-الثالث/الحلقة-2.html]
[ak.sv/episode/88488/star-trek-strange-new-worlds-الموسم-الثالث/الحلقة-1.html]
[ak.sv/series/2528/the-tourist-الموسم-الاول.html]
[ak.sv/series/571/penny-dreadful-الموسم-الثالث.html]
[ak.sv/series/4311/hijack-الموسم-الاول.html]
[ak.sv/series/2404/malayerba-الموسم-الاول-2.html]
[ak.sv/series/2959/العاصوف-الموسم-الثالث-2.html]
[ak.sv/series/4912/ظلم-المصطبة.html]
[ak.sv/series/1596/فرحات-أمير-الصحراء-الموسم-الاول.html]
[ak.sv/series/959/hercai-الموسم-الثالث.html]
[ak.sv/series/2576/آفاتار-أسطورة-أنج-الموسم-الثالث.html]
[ak.sv/series/1094/البيض-الأخضر-ولحم-الخنزير-الموسم-الاول.html]
[ak.sv/series/1427/ذا-7دي-المسم-الاول.html]
[ak.sv/series/341/مقابلة-مع-السيد-آدم.html]
[ak.sv/series/2376/f-is-for-family-الموسم-الثالث.html]
[ak.sv/series/1493/homeland-الموسم-الثاني.html]
[ak.sv/series/4522/the-lions-of-sicily-الموسم-الاول.html]
[ak.sv/series/3179/اكشن-باك-الموسم-الثاني.html]
[ak.sv/series/1877/قانون-عمر.html]
[ak.sv/series/2231/بيت-دمى-غابي-الموسم-الاول.html]
[ak.sv/series/973/mighty-express-الموسم-الاول-1.html]
[ak.sv/series4739.html]
[ak.sv/series0fda.html]
[ak.sv/series58ce.html]
[ak.sv/series/5007/star-trek-strange-new-worlds-الموسم-الثالث.html]
[ak.sv/person/11223/stephanie-beatriz.html]
[ak.sv/person/1935/anthony-mackie.html]
[ak.sv/person/252/will-arnett.html]
[ak.sv/person/19358/anthony-carrigan.html]
[ak.sv/series/4368/twisted-metal-الموسم-الاول-5.html]
[ak.sv/episode/88945/twisted-metal-الموسم-الثاني/الحلقة-7.html]
[ak.sv/episode/88885/twisted-metal-الموسم-الثاني/الحلقة-6.html]
[ak.sv/episode/88866/twisted-metal-الموسم-الثاني/الحلقة-5.html]
[ak.sv/episode/88865/twisted-metal-الموسم-الثاني/الحلقة-4.html]
[ak.sv/episode/88791/twisted-metal-الموسم-الثاني/الحلقة-3.html]
[ak.sv/episode/88790/twisted-metal-الموسم-الثاني/الحلقة-2.html]
[ak.sv/episode/88789/twisted-metal-الموسم-الثاني/الحلقة-1.html]
[ak.sv/series/3708/الجيل-الثالث-الموسم-الاول-2.html]
[ak.sv/series/1891/power-book-iii-raising-kanan-الموسم-الاول-12.html]
[ak.sv/series/4596/ادم-وحواء-الموسم-الاول-1.html]
[ak.sv/series/1054/the-spanish-princess-الموسم-الثاني.html]
[ak.sv/series/2473/anne-boleyn-الموسم-الاول-1.html]
[ak.sv/series/1130/can-you-hear-me-الموسم-الثاني.html]
[ak.sv/series/3031/the-ipcress-file-الموسم-الاول.html]
[ak.sv/series/115/dexter-الموسم-الرابع.html]
[ak.sv/series/3869/pretty-hard-cases-الموسم-الثالث.html]
[ak.sv/series/3186/senden-daha-gzel-الموسم-الاول-1.html]
[ak.sv/series/2015/octonauts-above-beyond.html]
[ak.sv/series/3926/shanty-town-الموسم-الاول.html]
[ak.sv/series/2082/الحصان-الأسود.html]
[ak.sv/series/1795/human-the-world-within-الموسم-الاول.html]
[ak.sv/series/4998/squid-game-الموسم-الثالث-مدبلج.html]
[ak.sv/series/934/zmrdanka-الموسم-الثاني.html]
[ak.sv/series/2823/المفقود-الموسم-الاول.html]
[ak.sv/series/350/شغف.html]
[ak.sv/seriese4dc.html]
[ak.sv/seriesa054.html]
[ak.sv/series/5026/twisted-metal-الموسم-الثاني.html]
[ak.sv/episode/88943/betty-la-fea-the-story-continues-الموسم-الثاني/الحلقة-2.html]
[ak.sv/episode/88942/betty-la-fea-the-story-continues-الموسم-الثاني/الحلقة-1.html]
[ak.sv/series/2127/yetis-zeynep-الموسم-الاول.html]
[ak.sv/series/232/stranger-things-الموسم-الثالث-1.html]
[ak.sv/series/1122/نمرة-اتنين-8.html]
[ak.sv/series/4398/اسمعني-الموسم-الاول.html]
[ak.sv/series/4465/the-simpsons-الموسم-الخامس-و-الثلاثون-1.html]
[ak.sv/series/2456/باب-الحارة-الموسم-الخامس.html]
[ak.sv/series/1201/fbi-most-wanted-الموسم-الثاني.html]
[ak.sv/series/1003/vinland-saga-الموسم-الاول.html]
[ak.sv/series/4115/طاش-ما-طاش-19-1.html]
[ak.sv/series/1312/weeds-الموسم-الثاني.html]
[ak.sv/series/1998/bloopers-الميراث.html]
[ak.sv/series/4125/مربى-العز-4.html]
[ak.sv/series/1975/american-horror-story-الموسم-العاشر-2.html]
[ak.sv/series/211/الميراث-4.html]
[ak.sv/series/401/the-eddy-الموسم-الاول.html]
[ak.sv/series/2572/family-guy-الموسم-الثالث-11.html]
[ak.sv/series/645/chico-bon-bon-monkey-with-a-tool-belt-الموسم-الاول-مدبلج.html]
[ak.sv/series/539/high-fidelity-الموسم-الاول.html]
[ak.sv/seriesed35.html]
[ak.sv/series8f26.html]
[ak.sv/series5ecc.html]
[ak.sv/seriescb73.html]
[ak.sv/series/5042/betty-la-fea-the-story-continues-الموسم-الثاني.html]
[ak.sv/seriesbbd3.html]
[ak.sv/person/1050/حنان-سليمان.html]
[ak.sv/person/313/عايدة-رياض.html]
[ak.sv/person/5631/علي-الطيب.html]
[ak.sv/person/3007/كريم-فهمي.html]
[ak.sv/person/2901/صبا-مبارك.html]
[ak.sv/person/3755/محسن-محيي-الدين.html]
[ak.sv/episode/88941/220-يوم/الحلقة-10.html]
[ak.sv/episode/88924/220-يوم/الحلقة-9.html]
[ak.sv/episode/88915/220-يوم/الحلقة-8.html]
[ak.sv/episode/88880/220-يوم/الحلقة-7.html]
[ak.sv/episode/88872/220-يوم/الحلقة-6.html]
[ak.sv/episode/88861/220-يوم/الحلقة-5.html]
[ak.sv/episode/88819/220-يوم/الحلقة-4.html]
[ak.sv/episode/88797/220-يوم/الحلقة-3.html]
[ak.sv/episode/88743/220-يوم/الحلقة-2.html]
[ak.sv/episode/88742/220-يوم/الحلقة-1.html]
[ak.sv/series/3632/مئة-يوم.html]
[ak.sv/series/4022/oddballs-الموسم-الثاني.html]
[ak.sv/series/1736/kagit-ev.html]
[ak.sv/series/3018/لو-بعد-حين.html]
[ak.sv/series/2953/standing-up-الموسم-الاول.html]
[ak.sv/series/3397/tekken-bloodline-الموسم-الاول.html]
[ak.sv/series/313/ميكي-والمتسابقون-الموسم-الاول.html]
[ak.sv/series/2460/باب-الحارة-الموسم-السادس.html]
[ak.sv/series/4232/black-knight-الموسم-الاول.html]
[ak.sv/series/2743/توم-سوير-الموسم-الاول.html]
[ak.sv/series/3046/بسمه-الموسم-الاول.html]
[ak.sv/series/593/suits-الموسم-السادس.html]
[ak.sv/series/2507/dirilis-ertugrul-الموسم-الخامس.html]
[ak.sv/series/1958/nine-perfect-strangers-الموسم-الاول.html]
[ak.sv/series/1946/olagan-spheliler.html]
[ak.sv/series/3645/the-watcher-الموسم-الاول.html]
[ak.sv/series/307/run-الموسم-الاول.html]
[ak.sv/series/1075/star-trek-discovery-الموسم-الثالث.html]
[ak.sv/series/81/prison-break-الموسم-الرابع.html]
[ak.sv/series3802.html]
[ak.sv/seriese682.html]
[ak.sv/series/5022/220-يوم.html]
[ak.sv/person/1267/jared-harris.html]
[ak.sv/person/20195/lee-pace.html]
[ak.sv/person/11811/lou-llobell.html]
[ak.sv/person/20196/leah-harvey.html]
